Component: ARM Compiler 6.16 Tool: armlink [5dfeaa00]

==============================================================================

Section Cross References

    main.o(.text.checkButton) refers to gpio.o(.text.digitalRead) for digitalRead
    main.o(.text.checkButton) refers to main.o(.data.checkButton.last_state) for checkButton.last_state
    main.o(.text.checkButton) refers to main.o(.bss.led_state) for led_state
    main.o(.text.checkButton) refers to tasks.o(.text.vTaskDelay) for vTaskDelay
    main.o(.ARM.exidx.text.checkButton) refers to main.o(.text.checkButton) for [Anonymous Symbol]
    main.o(.text.controlLED) refers to main.o(.bss.led_state) for led_state
    main.o(.text.controlLED) refers to gpio.o(.text.digitalWrite) for digitalWrite
    main.o(.text.controlLED) refers to tasks.o(.text.vTaskDelay) for vTaskDelay
    main.o(.ARM.exidx.text.controlLED) refers to main.o(.text.controlLED) for [Anonymous Symbol]
    main.o(.text.TIM4_IRQHandler) refers to main.o(.bss.led_state) for led_state
    main.o(.text.TIM4_IRQHandler) refers to main.o(.bss.sin_index) for sin_index
    main.o(.text.TIM4_IRQHandler) refers to main.o(.rodata.sinLUT) for sinLUT
    main.o(.ARM.exidx.text.TIM4_IRQHandler) refers to main.o(.text.TIM4_IRQHandler) for [Anonymous Symbol]
    main.o(.text.main) refers to tim.o(.text.useHSI) for useHSI
    main.o(.text.main) refers to gpio.o(.text.pinMode) for pinMode
    main.o(.text.main) refers to gpio.o(.text.setPullUpDown) for setPullUpDown
    main.o(.text.main) refers to tim.o(.text.enableTimer) for enableTimer
    main.o(.text.main) refers to dac.o(.text.DACinit_ch1) for DACinit_ch1
    main.o(.text.main) refers to main.o(.text.checkButton) for checkButton
    main.o(.text.main) refers to main.o(.rodata.str1.1) for .L.str
    main.o(.text.main) refers to tasks.o(.text.xTaskCreate) for xTaskCreate
    main.o(.text.main) refers to main.o(.text.controlLED) for controlLED
    main.o(.text.main) refers to tasks.o(.text.vTaskStartScheduler) for vTaskStartScheduler
    main.o(.ARM.exidx.text.main) refers to main.o(.text.main) for [Anonymous Symbol]
    gpio.o(.ARM.exidx.text.pinMode) refers to gpio.o(.text.pinMode) for [Anonymous Symbol]
    gpio.o(.ARM.exidx.text.setOutputType) refers to gpio.o(.text.setOutputType) for [Anonymous Symbol]
    gpio.o(.ARM.exidx.text.setPullUpDown) refers to gpio.o(.text.setPullUpDown) for [Anonymous Symbol]
    gpio.o(.ARM.exidx.text.digitalWrite) refers to gpio.o(.text.digitalWrite) for [Anonymous Symbol]
    gpio.o(.ARM.exidx.text.digitalRead) refers to gpio.o(.text.digitalRead) for [Anonymous Symbol]
    dac.o(.text.DACinit_ch1) refers to gpio.o(.text.pinMode) for pinMode
    dac.o(.ARM.exidx.text.DACinit_ch1) refers to dac.o(.text.DACinit_ch1) for [Anonymous Symbol]
    dac.o(.text.DACinit_ch2) refers to gpio.o(.text.pinMode) for pinMode
    dac.o(.ARM.exidx.text.DACinit_ch2) refers to dac.o(.text.DACinit_ch2) for [Anonymous Symbol]
    tim.o(.text.useHSI) refers to system_stm32l4xx.o(.text.SystemCoreClockUpdate) for SystemCoreClockUpdate
    tim.o(.ARM.exidx.text.useHSI) refers to tim.o(.text.useHSI) for [Anonymous Symbol]
    tim.o(.text.enableTimer) refers to tim.o(.text.__NVIC_EnableIRQ) for __NVIC_EnableIRQ
    tim.o(.ARM.exidx.text.enableTimer) refers to tim.o(.text.enableTimer) for [Anonymous Symbol]
    tim.o(.ARM.exidx.text.__NVIC_EnableIRQ) refers to tim.o(.text.__NVIC_EnableIRQ) for [Anonymous Symbol]
    clib_arm.o(.ARM.exidx.text._platform_post_stackheap_init) refers to clib_arm.o(.text._platform_post_stackheap_init) for [Anonymous Symbol]
    clib_arm.o(.text.__user_perthread_libspace) refers to clib_arm.o(.text.os_kernel_is_active) for os_kernel_is_active
    clib_arm.o(.text.__user_perthread_libspace) refers to clib_arm.o(.bss.os_libspace) for os_libspace
    clib_arm.o(.text.__user_perthread_libspace) refers to tasks.o(.text.xTaskGetCurrentTaskHandle) for xTaskGetCurrentTaskHandle
    clib_arm.o(.text.__user_perthread_libspace) refers to clib_arm.o(.bss.os_libspace_id) for os_libspace_id
    clib_arm.o(.ARM.exidx.text.__user_perthread_libspace) refers to clib_arm.o(.text.__user_perthread_libspace) for [Anonymous Symbol]
    clib_arm.o(.text.os_kernel_is_active) refers to tasks.o(.text.xTaskGetSchedulerState) for xTaskGetSchedulerState
    clib_arm.o(.ARM.exidx.text.os_kernel_is_active) refers to clib_arm.o(.text.os_kernel_is_active) for [Anonymous Symbol]
    clib_arm.o(.text._mutex_initialize) refers to clib_arm.o(.bss.clib_mutex_id) for clib_mutex_id
    clib_arm.o(.text._mutex_initialize) refers to clib_arm.o(.bss.clib_mutex_cb) for clib_mutex_cb
    clib_arm.o(.text._mutex_initialize) refers to queue.o(.text.xQueueCreateMutexStatic) for xQueueCreateMutexStatic
    clib_arm.o(.text._mutex_initialize) refers to clib_arm.o(.text.os_kernel_is_active) for os_kernel_is_active
    clib_arm.o(.text._mutex_initialize) refers to queue.o(.text.xQueueCreateMutex) for xQueueCreateMutex
[...]
    .ARM.Collect$$libinit$$0000000C          0x08000202   Section        0  libinit2.o(.ARM.Collect$$libinit$$0000000C)
    .ARM.Collect$$libinit$$0000000E          0x08000202   Section        0  libinit2.o(.ARM.Collect$$libinit$$0000000E)
    .ARM.Collect$$libinit$$00000011          0x08000202   Section        0  libinit2.o(.ARM.Collect$$libinit$$00000011)
    .ARM.Collect$$libinit$$00000013          0x08000202   Section        0  libinit2.o(.ARM.Collect$$libinit$$00000013)
    .ARM.Collect$$libinit$$00000015          0x08000202   Section        0  libinit2.o(.ARM.Collect$$libinit$$00000015)
    .ARM.Collect$$libinit$$00000017          0x08000202   Section        0  libinit2.o(.ARM.Collect$$libinit$$00000017)
    .ARM.Collect$$libinit$$00000019          0x08000202   Section        0  libinit2.o(.ARM.Collect$$libinit$$00000019)
    .ARM.Collect$$libinit$$0000001B          0x08000202   Section        0  libinit2.o(.ARM.Collect$$libinit$$0000001B)
    .ARM.Collect$$libinit$$0000001D          0x08000202   Section        0  libinit2.o(.ARM.Collect$$libinit$$0000001D)
    .ARM.Collect$$libinit$$0000001F          0x08000202   Section        0  libinit2.o(.ARM.Collect$$libinit$$0000001F)
    .ARM.Collect$$libinit$$00000021          0x08000202   Section        0  libinit2.o(.ARM.Collect$$libinit$$00000021)
    .ARM.Collect$$libinit$$00000023          0x08000202   Section        0  libinit2.o(.ARM.Collect$$libinit$$00000023)
    .ARM.Collect$$libinit$$00000025          0x08000202   Section        0  libinit2.o(.ARM.Collect$$libinit$$00000025)
    .ARM.Collect$$libinit$$0000002C          0x08000202   Section        0  libinit2.o(.ARM.Collect$$libinit$$0000002C)
    .ARM.Collect$$libinit$$0000002E          0x08000202   Section        0  libinit2.o(.ARM.Collect$$libinit$$0000002E)
    .ARM.Collect$$libinit$$00000030          0x08000202   Section        0  libinit2.o(.ARM.Collect$$libinit$$00000030)
    .ARM.Collect$$libinit$$00000032          0x08000202   Section        0  libinit2.o(.ARM.Collect$$libinit$$00000032)
    .ARM.Collect$$libinit$$00000033          0x08000202   Section        2  libinit2.o(.ARM.Collect$$libinit$$00000033)
    .ARM.Collect$$libshutdown$$00000000      0x08000204   Section        2  libshutdown.o(.ARM.Collect$$libshutdown$$00000000)
    .ARM.Collect$$libshutdown$$00000002      0x08000206   Section        0  libshutdown2.o(.ARM.Collect$$libshutdown$$00000002)
    .ARM.Collect$$libshutdown$$00000004      0x08000206   Section        0  libshutdown2.o(.ARM.Collect$$libshutdown$$00000004)
    .ARM.Collect$$libshutdown$$00000007      0x08000206   Section        0  libshutdown2.o(.ARM.Collect$$libshutdown$$00000007)
    .ARM.Collect$$libshutdown$$0000000A      0x08000206   Section        0  libshutdown2.o(.ARM.Collect$$libshutdown$$0000000A)
    .ARM.Collect$$libshutdown$$0000000C      0x08000206   Section        0  libshutdown2.o(.ARM.Collect$$libshutdown$$0000000C)
    .ARM.Collect$$libshutdown$$0000000F      0x08000206   Section        0  libshutdown2.o(.ARM.Collect$$libshutdown$$0000000F)
    .ARM.Collect$$libshutdown$$00000010      0x08000206   Section        2  libshutdown2.o(.ARM.Collect$$libshutdown$$00000010)
    .ARM.Collect$$rtentry$$00000000          0x08000208   Section        0  __rtentry.o(.ARM.Collect$$rtentry$$00000000)
    .ARM.Collect$$rtentry$$00000002          0x08000208   Section        0  __rtentry2.o(.ARM.Collect$$rtentry$$00000002)
    .ARM.Collect$$rtentry$$00000004          0x08000208   Section        6  __rtentry4.o(.ARM.Collect$$rtentry$$00000004)
    .ARM.Collect$$rtentry$$00000008          0x0800020e   Section        8  __rtentry2.o(.ARM.Collect$$rtentry$$00000008)
    .ARM.Collect$$rtentry$$0000000A          0x08000216   Section        4  __rtentry2.o(.ARM.Collect$$rtentry$$0000000A)
    .ARM.Collect$$rtentry$$0000000C          0x0800021a   Section        0  __rtentry2.o(.ARM.Collect$$rtentry$$0000000C)
    .ARM.Collect$$rtentry$$0000000D          0x0800021a   Section        8  __rtentry2.o(.ARM.Collect$$rtentry$$0000000D)
    .ARM.Collect$$rtexit$$00000000           0x08000222   Section        2  rtexit.o(.ARM.Collect$$rtexit$$00000000)
    .ARM.Collect$$rtexit$$00000002           0x08000224   Section        0  rtexit2.o(.ARM.Collect$$rtexit$$00000002)
    .ARM.Collect$$rtexit$$00000003           0x08000224   Section        4  rtexit2.o(.ARM.Collect$$rtexit$$00000003)
    .ARM.Collect$$rtexit$$00000004           0x08000228   Section        6  rtexit2.o(.ARM.Collect$$rtexit$$00000004)
    $v0                                      0x08000230   Number         0  startup_stm32l476xx.o(.text)
    .text                                    0x08000230   Section       64  startup_stm32l476xx.o(.text)
    .text                                    0x08000270   Section      138  rt_memcpy_v6.o(.text)
    .text                                    0x080002fa   Section       16  aeabi_memset4.o(.text)
    .text                                    0x0800030a   Section       68  rt_memclr.o(.text)
    .text                                    0x0800034e   Section        0  heapauxi.o(.text)
    .text                                    0x08000354   Section      100  rt_memcpy_w.o(.text)
    .text                                    0x080003b8   Section       78  rt_memclr_w.o(.text)
    .text                                    0x08000406   Section       74  sys_stackheap_outer.o(.text)
    .text                                    0x08000450   Section        0  exit.o(.text)
    .text                                    0x08000464   Section        8  libspace.o(.text)
    .text                                    0x0800046c   Section        0  sys_exit.o(.text)
    .text                                    0x08000478   Section        2  use_no_semi.o(.text)
    .text                                    0x0800047a   Section        0  indicate_semi.o(.text)
    [Anonymous Symbol]                       0x0800047c   Section        0  dac.o(.text.DACinit_ch1)
    [Anonymous Symbol]                       0x08000520   Section        0  port.o(.text.PendSV_Handler)
    pxCurrentTCBConst                        0x08000580   Number         0  port.o(.text.PendSV_Handler)
    [Anonymous Symbol]                       0x080005a0   Section        0  port.o(.text.SVC_Handler)
    pxCurrentTCBConst2                       0x080005c0   Number         0  port.o(.text.SVC_Handler)
    [Anonymous Symbol]                       0x080005d0   Section        0  cmsis_os2.o(.text.SysTick_Handler)
    [Anonymous Symbol]                       0x080005f0   Section        0  system_stm32l4xx.o(.text.SystemCoreClockUpdate)
    [Anonymous Symbol]                       0x0800076c   Section        0  system_stm32l4xx.o(.text.SystemInit)
    [Anonymous Symbol]                       0x080007c8   Section        0  main.o(.text.TIM4_IRQHandler)
    __NVIC_EnableIRQ                         0x08000839   Thumb Code    48  tim.o(.text.__NVIC_EnableIRQ)
    [Anonymous Symbol]                       0x08000838   Section        0  tim.o(.text.__NVIC_EnableIRQ)
    __tagsym$$used.1                         0x08000868   Number         0  clib_arm.o(.text._mutex_acquire)
    [Anonymous Symbol]                       0x08000868   Section        0  clib_arm.o(.text._mutex_acquire)
    __tagsym$$used.3                         0x08000890   Number         0  clib_arm.o(.text._mutex_free)
    [Anonymous Symbol]                       0x08000890   Section        0  clib_arm.o(.text._mutex_free)
    __tagsym$$used.0                         0x080008e4   Number         0  clib_arm.o(.text._mutex_initialize)
    [Anonymous Symbol]                       0x080008e4   Section        0  clib_arm.o(.text._mutex_initialize)
    __tagsym$$used.2                         0x0800098c   Number         0  clib_arm.o(.text._mutex_release)
    [Anonymous Symbol]                       0x0800098c   Section        0  clib_arm.o(.text._mutex_release)
    [Anonymous Symbol]                       0x080009b8   Section        0  clib_arm.o(.text._platform_post_stackheap_init)
    [Anonymous Symbol]                       0x080009bc   Section        0  main.o(.text.checkButton)
    [Anonymous Symbol]                       0x08000a18   Section        0  main.o(.text.controlLED)
    [Anonymous Symbol]                       0x08000a3c   Section        0  gpio.o(.text.digitalRead)
    [Anonymous Symbol]                       0x08000a54   Section        0  gpio.o(.text.digitalWrite)
    [Anonymous Symbol]                       0x08000a78   Section        0  tim.o(.text.enableTimer)
    is_thread_mode                           0x08000d7d   Thumb Code    32  clib_arm.o(.text.is_thread_mode)
    [Anonymous Symbol]                       0x08000d7c   Section        0  clib_arm.o(.text.is_thread_mode)
    [Anonymous Symbol]                       0x08000d9c   Section        0  main.o(.text.main)
    os_kernel_is_active                      0x08000e5d   Thumb Code    32  clib_arm.o(.text.os_kernel_is_active)
    [Anonymous Symbol]                       0x08000e5c   Section        0  clib_arm.o(.text.os_kernel_is_active)
    [Anonymous Symbol]                       0x08000e7c   Section        0  gpio.o(.text.pinMode)
    prvAddCurrentTaskToDelayedList           0x08000f09   Thumb Code   250  tasks.o(.text.prvAddCurrentTaskToDelayedList)
    [Anonymous Symbol]                       0x08000f08   Section        0  tasks.o(.text.prvAddCurrentTaskToDelayedList)
    prvAddNewTaskToReadyList                 0x08001005   Thumb Code   352  tasks.o(.text.prvAddNewTaskToReadyList)
    [Anonymous Symbol]                       0x08001004   Section        0  tasks.o(.text.prvAddNewTaskToReadyList)
    prvCheckForValidListAndQueue             0x08001165   Thumb Code   126  timers.o(.text.prvCheckForValidListAndQueue)
    [Anonymous Symbol]                       0x08001164   Section        0  timers.o(.text.prvCheckForValidListAndQueue)
    prvCheckTasksWaitingTermination          0x080011e5   Thumb Code    90  tasks.o(.text.prvCheckTasksWaitingTermination)
    [Anonymous Symbol]                       0x080011e4   Section        0  tasks.o(.text.prvCheckTasksWaitingTermination)
    prvCopyDataFromQueue                     0x08001241   Thumb Code    66  queue.o(.text.prvCopyDataFromQueue)
    [Anonymous Symbol]                       0x08001240   Section        0  queue.o(.text.prvCopyDataFromQueue)
    prvCopyDataToQueue                       0x08001285   Thumb Code   204  queue.o(.text.prvCopyDataToQueue)
    [Anonymous Symbol]                       0x08001284   Section        0  queue.o(.text.prvCopyDataToQueue)
    prvDeleteTCB                             0x08001351   Thumb Code    60  tasks.o(.text.prvDeleteTCB)
    [Anonymous Symbol]                       0x08001350   Section        0  tasks.o(.text.prvDeleteTCB)
    prvGetDisinheritPriorityAfterTimeout     0x0800138d   Thumb Code    38  queue.o(.text.prvGetDisinheritPriorityAfterTimeout)
    [Anonymous Symbol]                       0x0800138c   Section        0  queue.o(.text.prvGetDisinheritPriorityAfterTimeout)
    prvGetNextExpireTime                     0x080013b5   Thumb Code    64  timers.o(.text.prvGetNextExpireTime)
    [Anonymous Symbol]                       0x080013b4   Section        0  timers.o(.text.prvGetNextExpireTime)
    prvHeapInit                              0x080013f5   Thumb Code   174  heap_4.o(.text.prvHeapInit)
    [Anonymous Symbol]                       0x080013f4   Section        0  heap_4.o(.text.prvHeapInit)
    prvIdleTask                              0x080014a5   Thumb Code    56  tasks.o(.text.prvIdleTask)
    [Anonymous Symbol]                       0x080014a4   Section        0  tasks.o(.text.prvIdleTask)
    prvInitialiseMutex                       0x080014dd   Thumb Code    44  queue.o(.text.prvInitialiseMutex)
    [Anonymous Symbol]                       0x080014dc   Section        0  queue.o(.text.prvInitialiseMutex)
    prvInitialiseNewQueue                    0x08001509   Thumb Code    72  queue.o(.text.prvInitialiseNewQueue)
    [Anonymous Symbol]                       0x08001508   Section        0  queue.o(.text.prvInitialiseNewQueue)
    prvInitialiseNewTask                     0x08001551   Thumb Code   230  tasks.o(.text.prvInitialiseNewTask)
    [Anonymous Symbol]                       0x08001550   Section        0  tasks.o(.text.prvInitialiseNewTask)
    prvInitialiseTaskLists                   0x08001639   Thumb Code   142  tasks.o(.text.prvInitialiseTaskLists)
    [Anonymous Symbol]                       0x08001638   Section        0  tasks.o(.text.prvInitialiseTaskLists)
    prvInsertBlockIntoFreeList               0x080016c9   Thumb Code   198  heap_4.o(.text.prvInsertBlockIntoFreeList)
    [Anonymous Symbol]                       0x080016c8   Section        0  heap_4.o(.text.prvInsertBlockIntoFreeList)
    prvInsertTimerInActiveList               0x08001791   Thumb Code   134  timers.o(.text.prvInsertTimerInActiveList)
    [Anonymous Symbol]                       0x08001790   Section        0  timers.o(.text.prvInsertTimerInActiveList)
    prvIsQueueEmpty                          0x08001819   Thumb Code    40  queue.o(.text.prvIsQueueEmpty)
    [Anonymous Symbol]                       0x08001818   Section        0  queue.o(.text.prvIsQueueEmpty)
    prvIsQueueFull                           0x08001841   Thumb Code    46  queue.o(.text.prvIsQueueFull)
    [Anonymous Symbol]                       0x08001840   Section        0  queue.o(.text.prvIsQueueFull)
    prvPortStartFirstTask                    0x08001871   Thumb Code    40  port.o(.text.prvPortStartFirstTask)
    [Anonymous Symbol]                       0x08001870   Section        0  port.o(.text.prvPortStartFirstTask)
    prvProcessExpiredTimer                   0x08001899   Thumb Code    84  timers.o(.text.prvProcessExpiredTimer)
    [Anonymous Symbol]                       0x08001898   Section        0  timers.o(.text.prvProcessExpiredTimer)
    prvProcessReceivedCommands               0x080018ed   Thumb Code   324  timers.o(.text.prvProcessReceivedCommands)
    [Anonymous Symbol]                       0x080018ec   Section        0  timers.o(.text.prvProcessReceivedCommands)
    prvProcessTimerOrBlockTask               0x08001a31   Thumb Code   154  timers.o(.text.prvProcessTimerOrBlockTask)
    [Anonymous Symbol]                       0x08001a30   Section        0  timers.o(.text.prvProcessTimerOrBlockTask)
    prvReloadTimer                           0x08001acd   Thumb Code    52  timers.o(.text.prvReloadTimer)
    [Anonymous Symbol]                       0x08001acc   Section        0  timers.o(.text.prvReloadTimer)
    prvResetNextTaskUnblockTime              0x08001b01   Thumb Code    60  tasks.o(.text.prvResetNextTaskUnblockTime)
    [Anonymous Symbol]                       0x08001b00   Section        0  tasks.o(.text.prvResetNextTaskUnblockTime)
    prvSampleTimeNow                         0x08001b3d   Thumb Code    68  timers.o(.text.prvSampleTimeNow)
    [Anonymous Symbol]                       0x08001b3c   Section        0  timers.o(.text.prvSampleTimeNow)
    prvSwitchTimerLists                      0x08001b81   Thumb Code    82  timers.o(.text.prvSwitchTimerLists)
    [Anonymous Symbol]                       0x08001b80   Section        0  timers.o(.text.prvSwitchTimerLists)
    prvTaskExitError                         0x08001bd5   Thumb Code    38  port.o(.text.prvTaskExitError)
    [Anonymous Symbol]                       0x08001bd4   Section        0  port.o(.text.prvTaskExitError)
    prvTimerTask                             0x08001bfd   Thumb Code    30  timers.o(.text.prvTimerTask)
    [Anonymous Symbol]                       0x08001bfc   Section        0  timers.o(.text.prvTimerTask)
    prvUnlockQueue                           0x08001c1d   Thumb Code   174  queue.o(.text.prvUnlockQueue)
    [Anonymous Symbol]                       0x08001c1c   Section        0  queue.o(.text.prvUnlockQueue)
    [Anonymous Symbol]                       0x08001ccc   Section        0  heap_4.o(.text.pvPortMalloc)
    [Anonymous Symbol]                       0x08001e54   Section        0  tasks.o(.text.pvTaskIncrementMutexHeldCount)
    [Anonymous Symbol]                       0x08001e80   Section        0  port.o(.text.pxPortInitialiseStack)
    [Anonymous Symbol]                       0x08001ee0   Section        0  gpio.o(.text.setPullUpDown)
    [Anonymous Symbol]                       0x08001f04   Section        0  tim.o(.text.useHSI)
    [Anonymous Symbol]                       0x08001f60   Section        0  list.o(.text.uxListRemove)
    [Anonymous Symbol]                       0x08001fa8   Section        0  cmsis_os2.o(.text.vApplicationGetIdleTaskMemory)
    [Anonymous Symbol]                       0x08001fd4   Section        0  cmsis_os2.o(.text.vApplicationGetTimerTaskMemory)
    [Anonymous Symbol]                       0x08002000   Section        0  list.o(.text.vListInitialise)
    [Anonymous Symbol]                       0x08002030   Section        0  list.o(.text.vListInitialiseItem)
    [Anonymous Symbol]                       0x08002040   Section        0  list.o(.text.vListInsert)
    vPortEnableVFP                           0x080020ad   Thumb Code    20  port.o(.text.vPortEnableVFP)
    [Anonymous Symbol]                       0x080020ac   Section        0  port.o(.text.vPortEnableVFP)
    [Anonymous Symbol]                       0x080020c0   Section        0  port.o(.text.vPortEnterCritical)
    [Anonymous Symbol]                       0x080020f0   Section        0  port.o(.text.vPortExitCritical)
    [Anonymous Symbol]                       0x08002118   Section        0  heap_4.o(.text.vPortFree)
    [Anonymous Symbol]                       0x08002190   Section        0  port.o(.text.vPortSetupTimerInterrupt)
    [Anonymous Symbol]                       0x080021d4   Section        0  queue.o(.text.vQueueDelete)
    [Anonymous Symbol]                       0x080021f8   Section        0  queue.o(.text.vQueueWaitForMessageRestricted)
    [Anonymous Symbol]                       0x0800225c   Section        0  tasks.o(.text.vTaskDelay)
    [Anonymous Symbol]                       0x080022a8   Section        0  tasks.o(.text.vTaskInternalSetTimeOutState)
    [Anonymous Symbol]                       0x080022cc   Section        0  tasks.o(.text.vTaskMissedYield)
    [Anonymous Symbol]                       0x080022dc   Section        0  tasks.o(.text.vTaskPlaceOnEventList)
    [Anonymous Symbol]                       0x08002304   Section        0  tasks.o(.text.vTaskPlaceOnEventListRestricted)
    [Anonymous Symbol]                       0x08002364   Section        0  tasks.o(.text.vTaskPriorityDisinheritAfterTimeout)
    [Anonymous Symbol]                       0x08002490   Section        0  tasks.o(.text.vTaskStartScheduler)
    [Anonymous Symbol]                       0x08002554   Section        0  tasks.o(.text.vTaskSuspendAll)
    __tagsym$$used.0                         0x08002564   Number         0  tasks.o(.text.vTaskSwitchContext)
    [Anonymous Symbol]                       0x08002564   Section        0  tasks.o(.text.vTaskSwitchContext)
    [Anonymous Symbol]                       0x08002610   Section        0  port.o(.text.xPortStartScheduler)
    [Anonymous Symbol]                       0x08002664   Section        0  port.o(.text.xPortSysTickHandler)
    [Anonymous Symbol]                       0x080026a0   Section        0  queue.o(.text.xQueueCreateMutex)
    [Anonymous Symbol]                       0x080026c8   Section        0  queue.o(.text.xQueueCreateMutexStatic)
    [Anonymous Symbol]                       0x080026fc   Section        0  queue.o(.text.xQueueGenericCreate)
    [Anonymous Symbol]                       0x08002784   Section        0  queue.o(.text.xQueueGenericCreateStatic)
    [Anonymous Symbol]                       0x080027f0   Section        0  queue.o(.text.xQueueGenericReset)
    [Anonymous Symbol]                       0x080028c0   Section        0  queue.o(.text.xQueueGenericSend)
    [Anonymous Symbol]                       0x08002a2c   Section        0  queue.o(.text.xQueueReceive)
    [Anonymous Symbol]                       0x08002b80   Section        0  queue.o(.text.xQueueSemaphoreTake)
    [Anonymous Symbol]                       0x08002d20   Section        0  tasks.o(.text.xTaskCheckForTimeOut)
    [Anonymous Symbol]                       0x08002dbc   Section        0  tasks.o(.text.xTaskCreate)
    [Anonymous Symbol]                       0x08002e64   Section        0  tasks.o(.text.xTaskCreateStatic)
    [Anonymous Symbol]                       0x08002ee0   Section        0  tasks.o(.text.xTaskGetSchedulerState)
    [Anonymous Symbol]                       0x08002f18   Section        0  tasks.o(.text.xTaskGetTickCount)
    [Anonymous Symbol]                       0x08002f2c   Section        0  tasks.o(.text.xTaskIncrementTick)
    [Anonymous Symbol]                       0x08003174   Section        0  tasks.o(.text.xTaskPriorityDisinherit)
    [Anonymous Symbol]                       0x0800325c   Section        0  tasks.o(.text.xTaskPriorityInherit)
    [Anonymous Symbol]                       0x080033ac   Section        0  tasks.o(.text.xTaskRemoveFromEventList)
    [Anonymous Symbol]                       0x08003528   Section        0  tasks.o(.text.xTaskResumeAll)
    [Anonymous Symbol]                       0x08003734   Section        0  timers.o(.text.xTimerCreateTimerTask)
    $v0                                      0x080037ac   Number         0  fpinit.o(x$fpl$fpinit)
    x$fpl$fpinit                             0x080037ac   Section       26  fpinit.o(x$fpl$fpinit)
    .L.str.1                                 0x08003888   Data          11  main.o(.rodata.str1.1)
    [Anonymous Symbol]                       0x08003888   Section        0  main.o(.rodata.str1.1)
    .L.str                                   0x08003893   Data          12  main.o(.rodata.str1.1)
    .L.str                                   0x0800389f   Data           5  tasks.o(.rodata.str1.1)
    [Anonymous Symbol]                       0x0800389f   Section        0  tasks.o(.rodata.str1.1)
    .L.str                                   0x080038a4   Data           8  timers.o(.rodata.str1.1)
    [Anonymous Symbol]                       0x080038a4   Section        0  timers.o(.rodata.str1.1)
    checkButton.last_state                   0x20000004   Data           1  main.o(.data.checkButton.last_state)
    [Anonymous Symbol]                       0x20000004   Section        0  main.o(.data.checkButton.last_state)
    uxCriticalNesting                        0x20000008   Data           4  port.o(.data.uxCriticalNesting)
    [Anonymous Symbol]                       0x20000008   Section        0  port.o(.data.uxCriticalNesting)
    .bss                                     0x20000010   Section       96  libspace.o(.bss)
    clib_mutex_cb                            0x20000070   Data         400  clib_arm.o(.bss.clib_mutex_cb)
    [Anonymous Symbol]                       0x20000070   Section        0  clib_arm.o(.bss.clib_mutex_cb)
    clib_mutex_id                            0x20000200   Data          20  clib_arm.o(.bss.clib_mutex_id)
    [Anonymous Symbol]                       0x20000200   Section        0  clib_arm.o(.bss.clib_mutex_id)
    prvCheckForValidListAndQueue.ucStaticTimerQueueStorage 0x20000215   Data          80  timers.o(.bss.prvCheckForValidListAndQueue.ucStaticTimerQueueStorage)
    [Anonymous Symbol]                       0x20000215   Section        0  timers.o(.bss.prvCheckForValidListAndQueue.ucStaticTimerQueueStorage)
    prvCheckForValidListAndQueue.xStaticTimerQueue 0x20000268   Data          80  timers.o(.bss.prvCheckForValidListAndQueue.xStaticTimerQueue)
    [Anonymous Symbol]                       0x20000268   Section        0  timers.o(.bss.prvCheckForValidListAndQueue.xStaticTimerQueue)
    prvSampleTimeNow.xLastTime               0x200002b8   Data           4  timers.o(.bss.prvSampleTimeNow.xLastTime)
    [Anonymous Symbol]                       0x200002b8   Section        0  timers.o(.bss.prvSampleTimeNow.xLastTime)
    __tagsym$$used.1                         0x200002bc   Number         0  tasks.o(.bss.pxCurrentTCB)
    pxCurrentTimerList                       0x200002c0   Data           4  timers.o(.bss.pxCurrentTimerList)
    [Anonymous Symbol]                       0x200002c0   Section        0  timers.o(.bss.pxCurrentTimerList)
    pxDelayedTaskList                        0x200002c4   Data           4  tasks.o(.bss.pxDelayedTaskList)
    [Anonymous Symbol]                       0x200002c4   Section        0  tasks.o(.bss.pxDelayedTaskList)
    pxEnd                                    0x200002c8   Data           4  heap_4.o(.bss.pxEnd)
    [Anonymous Symbol]                       0x200002c8   Section        0  heap_4.o(.bss.pxEnd)
    pxOverflowDelayedTaskList                0x200002cc   Data           4  tasks.o(.bss.pxOverflowDelayedTaskList)
    [Anonymous Symbol]                       0x200002cc   Section        0  tasks.o(.bss.pxOverflowDelayedTaskList)
    pxOverflowTimerList                      0x200002d0   Data           4  timers.o(.bss.pxOverflowTimerList)
    [Anonymous Symbol]                       0x200002d0   Section        0  timers.o(.bss.pxOverflowTimerList)
    pxReadyTasksLists                        0x200002d4   Data        1120  tasks.o(.bss.pxReadyTasksLists)
    [Anonymous Symbol]                       0x200002d4   Section        0  tasks.o(.bss.pxReadyTasksLists)
    ucHeap                                   0x20000735   Data        8192  heap_4.o(.bss.ucHeap)
    [Anonymous Symbol]                       0x20000735   Section        0  heap_4.o(.bss.ucHeap)
    uxCurrentNumberOfTasks                   0x20002738   Data           4  tasks.o(.bss.uxCurrentNumberOfTasks)
    [Anonymous Symbol]                       0x20002738   Section        0  tasks.o(.bss.uxCurrentNumberOfTasks)
    uxDeletedTasksWaitingCleanUp             0x2000273c   Data           4  tasks.o(.bss.uxDeletedTasksWaitingCleanUp)
    [Anonymous Symbol]                       0x2000273c   Section        0  tasks.o(.bss.uxDeletedTasksWaitingCleanUp)
    uxSchedulerSuspended                     0x20002740   Data           4  tasks.o(.bss.uxSchedulerSuspended)
    [Anonymous Symbol]                       0x20002740   Section        0  tasks.o(.bss.uxSchedulerSuspended)
    uxTaskNumber                             0x20002744   Data           4  tasks.o(.bss.uxTaskNumber)
    [Anonymous Symbol]                       0x20002744   Section        0  tasks.o(.bss.uxTaskNumber)
    uxTopReadyPriority                       0x20002748   Data           4  tasks.o(.bss.uxTopReadyPriority)
    [Anonymous Symbol]                       0x20002748   Section        0  tasks.o(.bss.uxTopReadyPriority)
    vApplicationGetIdleTaskMemory.Idle_Stack 0x2000274c   Data         512  cmsis_os2.o(.bss.vApplicationGetIdleTaskMemory.Idle_Stack)
    [Anonymous Symbol]                       0x2000274c   Section        0  cmsis_os2.o(.bss.vApplicationGetIdleTaskMemory.Idle_Stack)
    vApplicationGetIdleTaskMemory.Idle_TCB   0x2000294c   Data          92  cmsis_os2.o(.bss.vApplicationGetIdleTaskMemory.Idle_TCB)
    [Anonymous Symbol]                       0x2000294c   Section        0  cmsis_os2.o(.bss.vApplicationGetIdleTaskMemory.Idle_TCB)
    vApplicationGetTimerTaskMemory.Timer_Stack 0x200029a8   Data         320  cmsis_os2.o(.bss.vApplicationGetTimerTaskMemory.Timer_Stack)
    [Anonymous Symbol]                       0x200029a8   Section        0  cmsis_os2.o(.bss.vApplicationGetTimerTaskMemory.Timer_Stack)
    vApplicationGetTimerTaskMemory.Timer_TCB 0x20002ae8   Data          92  cmsis_os2.o(.bss.vApplicationGetTimerTaskMemory.Timer_TCB)
    [Anonymous Symbol]                       0x20002ae8   Section        0  cmsis_os2.o(.bss.vApplicationGetTimerTaskMemory.Timer_TCB)
    xActiveTimerList1                        0x20002b44   Data          20  timers.o(.bss.xActiveTimerList1)
    [Anonymous Symbol]                       0x20002b44   Section        0  timers.o(.bss.xActiveTimerList1)
    xActiveTimerList2                        0x20002b58   Data          20  timers.o(.bss.xActiveTimerList2)
    [Anonymous Symbol]                       0x20002b58   Section        0  timers.o(.bss.xActiveTimerList2)
    xDelayedTaskList1                        0x20002b6c   Data          20  tasks.o(.bss.xDelayedTaskList1)
    [Anonymous Symbol]                       0x20002b6c   Section        0  tasks.o(.bss.xDelayedTaskList1)
    xDelayedTaskList2                        0x20002b80   Data          20  tasks.o(.bss.xDelayedTaskList2)
    [Anonymous Symbol]                       0x20002b80   Section        0  tasks.o(.bss.xDelayedTaskList2)
    xFreeBytesRemaining                      0x20002b94   Data           4  heap_4.o(.bss.xFreeBytesRemaining)
    [Anonymous Symbol]                       0x20002b94   Section        0  heap_4.o(.bss.xFreeBytesRemaining)
    xIdleTaskHandle                          0x20002b98   Data           4  tasks.o(.bss.xIdleTaskHandle)
    [Anonymous Symbol]                       0x20002b98   Section        0  tasks.o(.bss.xIdleTaskHandle)
    xMinimumEverFreeBytesRemaining           0x20002b9c   Data           4  heap_4.o(.bss.xMinimumEverFreeBytesRemaining)
    [Anonymous Symbol]                       0x20002b9c   Section        0  heap_4.o(.bss.xMinimumEverFreeBytesRemaining)
    xNextTaskUnblockTime                     0x20002ba0   Data           4  tasks.o(.bss.xNextTaskUnblockTime)
    [Anonymous Symbol]                       0x20002ba0   Section        0  tasks.o(.bss.xNextTaskUnblockTime)
    xNumOfOverflows                          0x20002ba4   Data           4  tasks.o(.bss.xNumOfOverflows)
    [Anonymous Symbol]                       0x20002ba4   Section        0  tasks.o(.bss.xNumOfOverflows)
    xNumberOfSuccessfulAllocations           0x20002ba8   Data           4  heap_4.o(.bss.xNumberOfSuccessfulAllocations)
    [Anonymous Symbol]                       0x20002ba8   Section        0  heap_4.o(.bss.xNumberOfSuccessfulAllocations)
    xNumberOfSuccessfulFrees                 0x20002bac   Data           4  heap_4.o(.bss.xNumberOfSuccessfulFrees)
    [Anonymous Symbol]                       0x20002bac   Section        0  heap_4.o(.bss.xNumberOfSuccessfulFrees)
    xPendedTicks                             0x20002bb0   Data           4  tasks.o(.bss.xPendedTicks)
    [Anonymous Symbol]                       0x20002bb0   Section        0  tasks.o(.bss.xPendedTicks)
    xPendingReadyList                        0x20002bb4   Data          20  tasks.o(.bss.xPendingReadyList)
    [Anonymous Symbol]                       0x20002bb4   Section        0  tasks.o(.bss.xPendingReadyList)
    xSchedulerRunning                        0x20002bc8   Data           4  tasks.o(.bss.xSchedulerRunning)
    [Anonymous Symbol]                       0x20002bc8   Section        0  tasks.o(.bss.xSchedulerRunning)
    xStart                                   0x20002bcc   Data           8  heap_4.o(.bss.xStart)
    [Anonymous Symbol]                       0x20002bcc   Section        0  heap_4.o(.bss.xStart)
    xSuspendedTaskList                       0x20002bd4   Data          20  tasks.o(.bss.xSuspendedTaskList)
    [Anonymous Symbol]                       0x20002bd4   Section        0  tasks.o(.bss.xSuspendedTaskList)
    xTasksWaitingTermination                 0x20002be8   Data          20  tasks.o(.bss.xTasksWaitingTermination)
    [Anonymous Symbol]                       0x20002be8   Section        0  tasks.o(.bss.xTasksWaitingTermination)
    xTickCount                               0x20002bfc   Data           4  tasks.o(.bss.xTickCount)
    [Anonymous Symbol]                       0x20002bfc   Section        0  tasks.o(.bss.xTickCount)
    xTimerQueue                              0x20002c00   Data           4  timers.o(.bss.xTimerQueue)
    [Anonymous Symbol]                       0x20002c00   Section        0  timers.o(.bss.xTimerQueue)
    xTimerTaskHandle                         0x20002c04   Data           4  timers.o(.bss.xTimerTaskHandle)
    [Anonymous Symbol]                       0x20002c04   Section        0  timers.o(.bss.xTimerTaskHandle)
    xYieldPending                            0x20002c08   Data           4  tasks.o(.bss.xYieldPending)
    [Anonymous Symbol]                       0x20002c08   Section        0  tasks.o(.bss.xYieldPending)
    Heap_Mem                                 0x20002c10   Data         512  startup_stm32l476xx.o(HEAP)
    HEAP                                     0x20002c10   Section      512  startup_stm32l476xx.o(HEAP)
    Stack_Mem                                0x20002e10   Data        1024  startup_stm32l476xx.o(STACK)
    STACK                                    0x20002e10   Section     1024  startup_stm32l476xx.o(STACK)
    __initial_sp                             0x20003210   Data           0  startup_stm32l476xx.o(STACK)

    Global Symbols

    Symbol Name                              Value     Ov Type        Size  Object(Section)

    BuildAttributes$$THM_ISAv4$E$P$D$K$B$S$7EM$VFPi3$EXTD16$VFPS$VFMA$PE$A:L22UL41UL21$X:L11$S22US41US21$IEEE1$IW$~IW$USESV6$~STKCKD$USESV7$~SHL$OSPACE$ROPI$EBA8$UX$STANDARDLIB$REQ8$PRES8$EABIv2 0x00000000   Number         0  anon$$obj.o ABSOLUTE
    __ARM_exceptions_init                     - Undefined Weak Reference
    __alloca_initialize                       - Undefined Weak Reference
    __arm_preinit_                            - Undefined Weak Reference
    __cpp_initialize__aeabi_                  - Undefined Weak Reference
    __cxa_finalize                            - Undefined Weak Reference
    __rt_locale                               - Undefined Weak Reference
    __sigvec_lookup                           - Undefined Weak Reference
    _atexit_init                              - Undefined Weak Reference
    _call_atexit_fns                          - Undefined Weak Reference
    _clock_init                               - Undefined Weak Reference
    _fp_trap_init                             - Undefined Weak Reference
    _fp_trap_shutdown                         - Undefined Weak Reference
    _get_lc_collate                           - Undefined Weak Reference
    _get_lc_ctype                             - Undefined Weak Reference
    _get_lc_monetary                          - Undefined Weak Reference
    _get_lc_numeric                           - Undefined Weak Reference
    _get_lc_time                              - Undefined Weak Reference
    _getenv_init                              - Undefined Weak Reference
    _handle_redirection                       - Undefined Weak Reference
    _init_alloc                               - Undefined Weak Reference
    _init_user_alloc                          - Undefined Weak Reference
    _initio                                   - Undefined Weak Reference
    _rand_init                                - Undefined Weak Reference
    _signal_finish                            - Undefined Weak Reference
    _signal_init                              - Undefined Weak Reference
    _terminate_alloc                          - Undefined Weak Reference
    _terminate_user_alloc                     - Undefined Weak Reference
    _terminateio                              - Undefined Weak Reference
    __Vectors_Size                           0x00000188   Number         0  startup_stm32l476xx.o ABSOLUTE
    __Vectors                                0x08000000   Data           4  startup_stm32l476xx.o(RESET)
    __Vectors_End                            0x08000188   Data           0  startup_stm32l476xx.o(RESET)
    __main                                   0x08000189   Thumb Code     8  __main.o(!!!main)
    __scatterload                            0x08000191   Thumb Code     0  __scatter.o(!!!scatter)
    __scatterload_rt2                        0x08000191   Thumb Code    44  __scatter.o(!!!scatter)
    __scatterload_rt2_thumb_only             0x08000191   Thumb Code     0  __scatter.o(!!!scatter)
    __scatterload_null                       0x0800019f   Thumb Code     0  __scatter.o(!!!scatter)
    __scatterload_copy                       0x080001c5   Thumb Code    26  __scatter_copy.o(!!handler_copy)
    __scatterload_zeroinit                   0x080001e1   Thumb Code    28  __scatter_zi.o(!!handler_zi)
    __rt_lib_init                            0x080001fd   Thumb Code     0  libinit.o(.ARM.Collect$$libinit$$00000000)
    __rt_lib_init_fp_1                       0x080001ff   Thumb Code     0  libinit2.o(.ARM.Collect$$libinit$$00000001)
    __rt_lib_init_alloca_1                   0x08000203   Thumb Code     0  libinit2.o(.ARM.Collect$$libinit$$0000002E)
    __rt_lib_init_argv_1                     0x08000203   Thumb Code     0  libinit2.o(.ARM.Collect$$libinit$$0000002C)
    __rt_lib_init_atexit_1                   0x08000203   Thumb Code     0  libinit2.o(.ARM.Collect$$libinit$$0000001B)
    __rt_lib_init_clock_1                    0x08000203   Thumb Code     0  libinit2.o(.ARM.Collect$$libinit$$00000021)
    __rt_lib_init_cpp_1                      0x08000203   Thumb Code     0  libinit2.o(.ARM.Collect$$libinit$$00000032)
    __rt_lib_init_exceptions_1               0x08000203   Thumb Code     0  libinit2.o(.ARM.Collect$$libinit$$00000030)
    __rt_lib_init_fp_trap_1                  0x08000203   Thumb Code     0  libinit2.o(.ARM.Collect$$libinit$$0000001F)
    __rt_lib_init_getenv_1                   0x08000203   Thumb Code     0  libinit2.o(.ARM.Collect$$libinit$$00000023)
    __rt_lib_init_heap_1                     0x08000203   Thumb Code     0  libinit2.o(.ARM.Collect$$libinit$$0000000A)
    __rt_lib_init_lc_collate_1               0x08000203   Thumb Code     0  libinit2.o(.ARM.Collect$$libinit$$00000011)
    __rt_lib_init_lc_ctype_1                 0x08000203   Thumb Code     0  libinit2.o(.ARM.Collect$$libinit$$00000013)
    __rt_lib_init_lc_monetary_1              0x08000203   Thumb Code     0  libinit2.o(.ARM.Collect$$libinit$$00000015)
    __rt_lib_init_lc_numeric_1               0x08000203   Thumb Code     0  libinit2.o(.ARM.Collect$$libinit$$00000017)
    __rt_lib_init_lc_time_1                  0x08000203   Thumb Code     0  libinit2.o(.ARM.Collect$$libinit$$00000019)
    __rt_lib_init_preinit_1                  0x08000203   Thumb Code     0  libinit2.o(.ARM.Collect$$libinit$$00000004)
    __rt_lib_init_rand_1                     0x08000203   Thumb Code     0  libinit2.o(.ARM.Collect$$libinit$$0000000E)
    __rt_lib_init_return                     0x08000203   Thumb Code     0  libinit2.o(.ARM.Collect$$libinit$$00000033)
    __rt_lib_init_signal_1                   0x08000203   Thumb Code     0  libinit2.o(.ARM.Collect$$libinit$$0000001D)
    __rt_lib_init_stdio_1                    0x08000203   Thumb Code     0  libinit2.o(.ARM.Collect$$libinit$$00000025)
    __rt_lib_init_user_alloc_1               0x08000203   Thumb Code     0  libinit2.o(.ARM.Collect$$libinit$$0000000C)
    __rt_lib_shutdown                        0x08000205   Thumb Code     0  libshutdown.o(.ARM.Collect$$libshutdown$$00000000)
    __rt_lib_shutdown_cpp_1                  0x08000207   Thumb Code     0  libshutdown2.o(.ARM.Collect$$libshutdown$$00000002)
    __rt_lib_shutdown_fp_trap_1              0x08000207   Thumb Code     0  libshutdown2.o(.ARM.Collect$$libshutdown$$00000007)
    __rt_lib_shutdown_heap_1                 0x08000207   Thumb Code     0  libshutdown2.o(.ARM.Collect$$libshutdown$$0000000F)
    __rt_lib_shutdown_return                 0x08000207   Thumb Code     0  libshutdown2.o(.ARM.Collect$$libshutdown$$00000010)
    __rt_lib_shutdown_signal_1               0x08000207   Thumb Code     0  libshutdown2.o(.ARM.Collect$$libshutdown$$0000000A)
    __rt_lib_shutdown_stdio_1                0x08000207   Thumb Code     0  libshutdown2.o(.ARM.Collect$$libshutdown$$00000004)
    __rt_lib_shutdown_user_alloc_1           0x08000207   Thumb Code     0  libshutdown2.o(.ARM.Collect$$libshutdown$$0000000C)
    __rt_entry                               0x08000209   Thumb Code     0  __rtentry.o(.ARM.Collect$$rtentry$$00000000)
    __rt_entry_presh_1                       0x08000209   Thumb Code     0  __rtentry2.o(.ARM.Collect$$rtentry$$00000002)
    __rt_entry_sh                            0x08000209   Thumb Code     0  __rtentry4.o(.ARM.Collect$$rtentry$$00000004)
    __rt_entry_postsh_1                      0x0800020f   Thumb Code     0  __rtentry2.o(.ARM.Collect$$rtentry$$00000008)
    __rt_entry_li                            0x08000217   Thumb Code     0  __rtentry2.o(.ARM.Collect$$rtentry$$0000000A)
    __rt_entry_main                          0x0800021b   Thumb Code     0  __rtentry2.o(.ARM.Collect$$rtentry$$0000000D)
    __rt_entry_postli_1                      0x0800021b   Thumb Code     0  __rtentry2.o(.ARM.Collect$$rtentry$$0000000C)
    __rt_exit                                0x08000223   Thumb Code     0  rtexit.o(.ARM.Collect$$rtexit$$00000000)
    __rt_exit_ls                             0x08000225   Thumb Code     0  rtexit2.o(.ARM.Collect$$rtexit$$00000003)
    __rt_exit_prels_1                        0x08000225   Thumb Code     0  rtexit2.o(.ARM.Collect$$rtexit$$00000002)
    __rt_exit_exit                           0x08000229   Thumb Code     0  rtexit2.o(.ARM.Collect$$rtexit$$00000004)
    Reset_Handler                            0x08000231   Thumb Code     8  startup_stm32l476xx.o(.text)
    NMI_Handler                              0x08000239   Thumb Code     2  startup_stm32l476xx.o(.text)
    HardFault_Handler                        0x0800023b   Thumb Code     2  startup_stm32l476xx.o(.text)
    MemManage_Handler                        0x0800023d   Thumb Code     2  startup_stm32l476xx.o(.text)
    BusFault_Handler                         0x0800023f   Thumb Code     2  startup_stm32l476xx.o(.text)
    UsageFault_Handler                       0x08000241   Thumb Code     2  startup_stm32l476xx.o(.text)
    DebugMon_Handler                         0x08000245   Thumb Code     2  startup_stm32l476xx.o(.text)
    ADC1_2_IRQHandler                        0x0800024b   Thumb Code     0  startup_stm32l476xx.o(.text)
    ADC3_IRQHandler                          0x0800024b   Thumb Code     0  startup_stm32l476xx.o(.text)
    CAN1_RX0_IRQHandler                      0x0800024b   Thumb Code     0  startup_stm32l476xx.o(.text)
    CAN1_RX1_IRQHandler                      0x0800024b   Thumb Code     0  startup_stm32l476xx.o(.text)
    CAN1_SCE_IRQHandler                      0x0800024b   Thumb Code     0  startup_stm32l476xx.o(.text)
    CAN1_TX_IRQHandler                       0x0800024b   Thumb Code     0  startup_stm32l476xx.o(.text)
    COMP_IRQHandler                          0x0800024b   Thumb Code     0  startup_stm32l476xx.o(.text)
    DFSDM1_FLT0_IRQHandler                   0x0800024b   Thumb Code     0  startup_stm32l476xx.o(.text)
    DFSDM1_FLT1_IRQHandler                   0x0800024b   Thumb Code     0  startup_stm32l476xx.o(.text)
    DFSDM1_FLT2_IRQHandler                   0x0800024b   Thumb Code     0  startup_stm32l476xx.o(.text)
    DFSDM1_FLT3_IRQHandler                   0x0800024b   Thumb Code     0  startup_stm32l476xx.o(.text)
    DMA1_Channel1_IRQHandler                 0x0800024b   Thumb Code     0  startup_stm32l476xx.o(.text)
    DMA1_Channel2_IRQHandler                 0x0800024b   Thumb Code     0  startup_stm32l476xx.o(.text)
    DMA1_Channel3_IRQHandler                 0x0800024b   Thumb Code     0  startup_stm32l476xx.o(.text)
    DMA1_Channel4_IRQHandler                 0x0800024b   Thumb Code     0  startup_stm32l476xx.o(.text)
    DMA1_Channel5_IRQHandler                 0x0800024b   Thumb Code     0  startup_stm32l476xx.o(.text)
    DMA1_Channel6_IRQHandler                 0x0800024b   Thumb Code     0  startup_stm32l476xx.o(.text)
    DMA1_Channel7_IRQHandler                 0x0800024b   Thumb Code     0  startup_stm32l476xx.o(.text)
    DMA2_Channel1_IRQHandler                 0x0800024b   Thumb Code     0  startup_stm32l476xx.o(.text)
    DMA2_Channel2_IRQHandler                 0x0800024b   Thumb Code     0  startup_stm32l476xx.o(.text)
    DMA2_Channel3_IRQHandler                 0x0800024b   Thumb Code     0  startup_stm32l476xx.o(.text)
    DMA2_Channel4_IRQHandler                 0x0800024b   Thumb Code     0  startup_stm32l476xx.o(.text)
    DMA2_Channel5_IRQHandler                 0x0800024b   Thumb Code     0  startup_stm32l476xx.o(.text)
    DMA2_Channel6_IRQHandler                 0x0800024b   Thumb Code     0  startup_stm32l476xx.o(.text)
    DMA2_Channel7_IRQHandler                 0x0800024b   Thumb Code     0  startup_stm32l476xx.o(.text)
    EXTI0_IRQHandler                         0x0800024b   Thumb Code     0  startup_stm32l476xx.o(.text)
    EXTI15_10_IRQHandler                     0x0800024b   Thumb Code     0  startup_stm32l476xx.o(.text)
    EXTI1_IRQHandler                         0x0800024b   Thumb Code     0  startup_stm32l476xx.o(.text)
    EXTI2_IRQHandler                         0x0800024b   Thumb Code     0  startup_stm32l476xx.o(.text)
    EXTI3_IRQHandler                         0x0800024b   Thumb Code     0  startup_stm32l476xx.o(.text)
    EXTI4_IRQHandler                         0x0800024b   Thumb Code     0  startup_stm32l476xx.o(.text)
    EXTI9_5_IRQHandler                       0x0800024b   Thumb Code     0  startup_stm32l476xx.o(.text)
    FLASH_IRQHandler                         0x0800024b   Thumb Code     0  startup_stm32l476xx.o(.text)
    FMC_IRQHandler                           0x0800024b   Thumb Code     0  startup_stm32l476xx.o(.text)
    FPU_IRQHandler                           0x0800024b   Thumb Code     0  startup_stm32l476xx.o(.text)
    I2C1_ER_IRQHandler                       0x0800024b   Thumb Code     0  startup_stm32l476xx.o(.text)
    I2C1_EV_IRQHandler                       0x0800024b   Thumb Code     0  startup_stm32l476xx.o(.text)
    I2C2_ER_IRQHandler                       0x0800024b   Thumb Code     0  startup_stm32l476xx.o(.text)
    I2C2_EV_IRQHandler                       0x0800024b   Thumb Code     0  startup_stm32l476xx.o(.text)
    I2C3_ER_IRQHandler                       0x0800024b   Thumb Code     0  startup_stm32l476xx.o(.text)
    I2C3_EV_IRQHandler                       0x0800024b   Thumb Code     0  startup_stm32l476xx.o(.text)
    LCD_IRQHandler                           0x0800024b   Thumb Code     0  startup_stm32l476xx.o(.text)
    LPTIM1_IRQHandler                        0x0800024b   Thumb Code     0  startup_stm32l476xx.o(.text)
    LPTIM2_IRQHandler                        0x0800024b   Thumb Code     0  startup_stm32l476xx.o(.text)
    LPUART1_IRQHandler                       0x0800024b   Thumb Code     0  startup_stm32l476xx.o(.text)
    OTG_FS_IRQHandler                        0x0800024b   Thumb Code     0  startup_stm32l476xx.o(.text)
    PVD_PVM_IRQHandler                       0x0800024b   Thumb Code     0  startup_stm32l476xx.o(.text)
    QUADSPI_IRQHandler                       0x0800024b   Thumb Code     0  startup_stm32l476xx.o(.text)
    RCC_IRQHandler                           0x0800024b   Thumb Code     0  startup_stm32l476xx.o(.text)
    RNG_IRQHandler                           0x0800024b   Thumb Code     0  startup_stm32l476xx.o(.text)
    RTC_Alarm_IRQHandler                     0x0800024b   Thumb Code     0  startup_stm32l476xx.o(.text)
    RTC_WKUP_IRQHandler                      0x0800024b   Thumb Code     0  startup_stm32l476xx.o(.text)
    SAI1_IRQHandler                          0x0800024b   Thumb Code     0  startup_stm32l476xx.o(.text)
    SAI2_IRQHandler                          0x0800024b   Thumb Code     0  startup_stm32l476xx.o(.text)
    SDMMC1_IRQHandler                        0x0800024b   Thumb Code     0  startup_stm32l476xx.o(.text)
    SPI1_IRQHandler                          0x0800024b   Thumb Code     0  startup_stm32l476xx.o(.text)
    SPI2_IRQHandler                          0x0800024b   Thumb Code     0  startup_stm32l476xx.o(.text)
    SPI3_IRQHandler                          0x0800024b   Thumb Code     0  startup_stm32l476xx.o(.text)
    SWPMI1_IRQHandler                        0x0800024b   Thumb Code     0  startup_stm32l476xx.o(.text)
    TAMP_STAMP_IRQHandler                    0x0800024b   Thumb Code     0  startup_stm32l476xx.o(.text)
    TIM1_BRK_TIM15_IRQHandler                0x0800024b   Thumb Code     0  startup_stm32l476xx.o(.text)
    TIM1_CC_IRQHandler                       0x0800024b   Thumb Code     0  startup_stm32l476xx.o(.text)
    TIM1_TRG_COM_TIM17_IRQHandler            0x0800024b   Thumb Code     0  startup_stm32l476xx.o(.text)
    TIM1_UP_TIM16_IRQHandler                 0x0800024b   Thumb Code     0  startup_stm32l476xx.o(.text)
    TIM2_IRQHandler                          0x0800024b   Thumb Code     0  startup_stm32l476xx.o(.text)
    TIM3_IRQHandler                          0x0800024b   Thumb Code     0  startup_stm32l476xx.o(.text)
    TIM5_IRQHandler                          0x0800024b   Thumb Code     0  startup_stm32l476xx.o(.text)
    TIM6_DAC_IRQHandler                      0x0800024b   Thumb Code     0  startup_stm32l476xx.o(.text)
    TIM7_IRQHandler                          0x0800024b   Thumb Code     0  startup_stm32l476xx.o(.text)
    TIM8_BRK_IRQHandler                      0x0800024b   Thumb Code     0  startup_stm32l476xx.o(.text)
    TIM8_CC_IRQHandler                       0x0800024b   Thumb Code     0  startup_stm32l476xx.o(.text)
    TIM8_TRG_COM_IRQHandler                  0x0800024b   Thumb Code     0  startup_stm32l476xx.o(.text)
    TIM8_UP_IRQHandler                       0x0800024b   Thumb Code     0  startup_stm32l476xx.o(.text)
    TSC_IRQHandler                           0x0800024b   Thumb Code     0  startup_stm32l476xx.o(.text)
    UART4_IRQHandler                         0x0800024b   Thumb Code     0  startup_stm32l476xx.o(.text)
    UART5_IRQHandler                         0x0800024b   Thumb Code     0  startup_stm32l476xx.o(.text)
    USART1_IRQHandler                        0x0800024b   Thumb Code     0  startup_stm32l476xx.o(.text)
    USART2_IRQHandler                        0x0800024b   Thumb Code     0  startup_stm32l476xx.o(.text)
    USART3_IRQHandler                        0x0800024b   Thumb Code     0  startup_stm32l476xx.o(.text)
    WWDG_IRQHandler                          0x0800024b   Thumb Code     0  startup_stm32l476xx.o(.text)
    __user_initial_stackheap                 0x0800024d   Thumb Code     0  startup_stm32l476xx.o(.text)
    __aeabi_memcpy                           0x08000271   Thumb Code     0  rt_memcpy_v6.o(.text)
    __rt_memcpy                              0x08000271   Thumb Code   138  rt_memcpy_v6.o(.text)
    _memcpy_lastbytes                        0x080002d7   Thumb Code     0  rt_memcpy_v6.o(.text)
    __aeabi_memset4                          0x080002fb   Thumb Code    16  aeabi_memset4.o(.text)
    __aeabi_memset8                          0x080002fb   Thumb Code     0  aeabi_memset4.o(.text)
    __aeabi_memclr                           0x0800030b   Thumb Code     0  rt_memclr.o(.text)
    __rt_memclr                              0x0800030b   Thumb Code     0  rt_memclr.o(.text)
    _memset                                  0x0800030f   Thumb Code    64  rt_memclr.o(.text)
    __use_two_region_memory                  0x0800034f   Thumb Code     2  heapauxi.o(.text)
    __rt_heap_escrow$2region                 0x08000351   Thumb Code     2  heapauxi.o(.text)
    __rt_heap_expand$2region                 0x08000353   Thumb Code     2  heapauxi.o(.text)
    __aeabi_memcpy4                          0x08000355   Thumb Code     0  rt_memcpy_w.o(.text)
    __aeabi_memcpy8                          0x08000355   Thumb Code     0  rt_memcpy_w.o(.text)
    __rt_memcpy_w                            0x08000355   Thumb Code   100  rt_memcpy_w.o(.text)
    _memcpy_lastbytes_aligned                0x0800039d   Thumb Code     0  rt_memcpy_w.o(.text)
    __aeabi_memclr4                          0x080003b9   Thumb Code     0  rt_memclr_w.o(.text)
    __aeabi_memclr8                          0x080003b9   Thumb Code     0  rt_memclr_w.o(.text)
    __rt_memclr_w                            0x080003b9   Thumb Code     0  rt_memclr_w.o(.text)
    _memset_w                                0x080003bd   Thumb Code    74  rt_memclr_w.o(.text)
    __user_setup_stackheap                   0x08000407   Thumb Code    74  sys_stackheap_outer.o(.text)
    exit                                     0x08000451   Thumb Code    18  exit.o(.text)
    __user_libspace                          0x08000465   Thumb Code     8  libspace.o(.text)
    __user_perproc_libspace                  0x08000465   Thumb Code     0  libspace.o(.text)
    _sys_exit                                0x0800046d   Thumb Code     8  sys_exit.o(.text)
    __I$use$semihosting                      0x08000479   Thumb Code     0  use_no_semi.o(.text)
    __use_no_semihosting_swi                 0x08000479   Thumb Code     2  use_no_semi.o(.text)
    __semihosting_library_function           0x0800047b   Thumb Code     0  indicate_semi.o(.text)
    DACinit_ch1                              0x0800047d   Thumb Code   158  dac.o(.text.DACinit_ch1)
    PendSV_Handler                           0x08000521   Thumb Code   100  port.o(.text.PendSV_Handler)
    SVC_Handler                              0x080005a1   Thumb Code    36  port.o(.text.SVC_Handler)
    SysTick_Handler                          0x080005d1   Thumb Code    30  cmsis_os2.o(.text.SysTick_Handler)
    SystemCoreClockUpdate                    0x080005f1   Thumb Code   380  system_stm32l4xx.o(.text.SystemCoreClockUpdate)
    SystemInit                               0x0800076d   Thumb Code    92  system_stm32l4xx.o(.text.SystemInit)
    TIM4_IRQHandler                          0x080007c9   Thumb Code   110  main.o(.text.TIM4_IRQHandler)
    _mutex_acquire                           0x08000869   Thumb Code    40  clib_arm.o(.text._mutex_acquire)
    _mutex_free                              0x08000891   Thumb Code    84  clib_arm.o(.text._mutex_free)
    _mutex_initialize                        0x080008e5   Thumb Code   168  clib_arm.o(.text._mutex_initialize)
    _mutex_release                           0x0800098d   Thumb Code    42  clib_arm.o(.text._mutex_release)
    _platform_post_stackheap_init            0x080009b9   Thumb Code     2  clib_arm.o(.text._platform_post_stackheap_init)
    checkButton                              0x080009bd   Thumb Code    92  main.o(.text.checkButton)
    controlLED                               0x08000a19   Thumb Code    36  main.o(.text.controlLED)
    digitalRead                              0x08000a3d   Thumb Code    22  gpio.o(.text.digitalRead)
    digitalWrite                             0x08000a55   Thumb Code    34  gpio.o(.text.digitalWrite)
    enableTimer                              0x08000a79   Thumb Code   770  tim.o(.text.enableTimer)
    main                                     0x08000d9d   Thumb Code   190  main.o(.text.main)
    pinMode                                  0x08000e7d   Thumb Code   140  gpio.o(.text.pinMode)
    pvPortMalloc                             0x08001ccd   Thumb Code   390  heap_4.o(.text.pvPortMalloc)
    pvTaskIncrementMutexHeldCount            0x08001e55   Thumb Code    44  tasks.o(.text.pvTaskIncrementMutexHeldCount)
    pxPortInitialiseStack                    0x08001e81   Thumb Code    94  port.o(.text.pxPortInitialiseStack)
    setPullUpDown                            0x08001ee1   Thumb Code    36  gpio.o(.text.setPullUpDown)
    useHSI                                   0x08001f05   Thumb Code    92  tim.o(.text.useHSI)
    uxListRemove                             0x08001f61   Thumb Code    72  list.o(.text.uxListRemove)
    vApplicationGetIdleTaskMemory            0x08001fa9   Thumb Code    42  cmsis_os2.o(.text.vApplicationGetIdleTaskMemory)
    vApplicationGetTimerTaskMemory           0x08001fd5   Thumb Code    42  cmsis_os2.o(.text.vApplicationGetTimerTaskMemory)
    vListInitialise                          0x08002001   Thumb Code    46  list.o(.text.vListInitialise)
    vListInitialiseItem                      0x08002031   Thumb Code    14  list.o(.text.vListInitialiseItem)
    vListInsert                              0x08002041   Thumb Code   106  list.o(.text.vListInsert)
    vPortEnterCritical                       0x080020c1   Thumb Code    48  port.o(.text.vPortEnterCritical)
    vPortExitCritical                        0x080020f1   Thumb Code    38  port.o(.text.vPortExitCritical)
    vPortFree                                0x08002119   Thumb Code   118  heap_4.o(.text.vPortFree)
    vPortSetupTimerInterrupt                 0x08002191   Thumb Code    68  port.o(.text.vPortSetupTimerInterrupt)
    vQueueDelete                             0x080021d5   Thumb Code    34  queue.o(.text.vQueueDelete)
    vQueueWaitForMessageRestricted           0x080021f9   Thumb Code   100  queue.o(.text.vQueueWaitForMessageRestricted)
    vTaskDelay                               0x0800225d   Thumb Code    74  tasks.o(.text.vTaskDelay)
    vTaskInternalSetTimeOutState             0x080022a9   Thumb Code    36  tasks.o(.text.vTaskInternalSetTimeOutState)
    vTaskMissedYield                         0x080022cd   Thumb Code    14  tasks.o(.text.vTaskMissedYield)
    vTaskPlaceOnEventList                    0x080022dd   Thumb Code    38  tasks.o(.text.vTaskPlaceOnEventList)
    vTaskPlaceOnEventListRestricted          0x08002305   Thumb Code    96  tasks.o(.text.vTaskPlaceOnEventListRestricted)
    vTaskPriorityDisinheritAfterTimeout      0x08002365   Thumb Code   300  tasks.o(.text.vTaskPriorityDisinheritAfterTimeout)
    vTaskStartScheduler                      0x08002491   Thumb Code   196  tasks.o(.text.vTaskStartScheduler)
    vTaskSuspendAll                          0x08002555   Thumb Code    16  tasks.o(.text.vTaskSuspendAll)
    vTaskSwitchContext                       0x08002565   Thumb Code   170  tasks.o(.text.vTaskSwitchContext)
    xPortStartScheduler                      0x08002611   Thumb Code    84  port.o(.text.xPortStartScheduler)
    xPortSysTickHandler                      0x08002665   Thumb Code    60  port.o(.text.xPortSysTickHandler)
    xQueueCreateMutex                        0x080026a1   Thumb Code    38  queue.o(.text.xQueueCreateMutex)
    xQueueCreateMutexStatic                  0x080026c9   Thumb Code    50  queue.o(.text.xQueueCreateMutexStatic)
    xQueueGenericCreate                      0x080026fd   Thumb Code   134  queue.o(.text.xQueueGenericCreate)
    xQueueGenericCreateStatic                0x08002785   Thumb Code   108  queue.o(.text.xQueueGenericCreateStatic)
    xQueueGenericReset                       0x080027f1   Thumb Code   208  queue.o(.text.xQueueGenericReset)
    xQueueGenericSend                        0x080028c1   Thumb Code   362  queue.o(.text.xQueueGenericSend)
    xQueueReceive                            0x08002a2d   Thumb Code   338  queue.o(.text.xQueueReceive)
    xQueueSemaphoreTake                      0x08002b81   Thumb Code   414  queue.o(.text.xQueueSemaphoreTake)
    xTaskCheckForTimeOut                     0x08002d21   Thumb Code   154  tasks.o(.text.xTaskCheckForTimeOut)
    xTaskCreate                              0x08002dbd   Thumb Code   166  tasks.o(.text.xTaskCreate)
    xTaskCreateStatic                        0x08002e65   Thumb Code   122  tasks.o(.text.xTaskCreateStatic)
    xTaskGetSchedulerState                   0x08002ee1   Thumb Code    56  tasks.o(.text.xTaskGetSchedulerState)
    xTaskGetTickCount                        0x08002f19   Thumb Code    20  tasks.o(.text.xTaskGetTickCount)
    xTaskIncrementTick                       0x08002f2d   Thumb Code   582  tasks.o(.text.xTaskIncrementTick)
    xTaskPriorityDisinherit                  0x08003175   Thumb Code   230  tasks.o(.text.xTaskPriorityDisinherit)
    xTaskPriorityInherit                     0x0800325d   Thumb Code   334  tasks.o(.text.xTaskPriorityInherit)
    xTaskRemoveFromEventList                 0x080033ad   Thumb Code   380  tasks.o(.text.xTaskRemoveFromEventList)
    xTaskResumeAll                           0x08003529   Thumb Code   522  tasks.o(.text.xTaskResumeAll)
    xTimerCreateTimerTask                    0x08003735   Thumb Code   120  timers.o(.text.xTimerCreateTimerTask)
    _fp_init                                 0x080037ad   Thumb Code    26  fpinit.o(x$fpl$fpinit)
    __fplib_config_fpu_vfp                   0x080037c5   Thumb Code     0  fpinit.o(x$fpl$fpinit)
    __fplib_config_pureend_doubles           0x080037c5   Thumb Code     0  fpinit.o(x$fpl$fpinit)
    AHBPrescTable                            0x080037c6   Data          16  system_stm32l4xx.o(.rodata.AHBPrescTable)
    MSIRangeTable                            0x080037d8   Data          48  system_stm32l4xx.o(.rodata.MSIRangeTable)
    sinLUT                                   0x08003808   Data         128  main.o(.rodata.sinLUT)
    uxTopUsedPriority                        0x080038ac   Data           4  tasks.o(.rodata.uxTopUsedPriority)
    Region$$Table$$Base                      0x080038b0   Number         0  anon$$obj.o(Region$$Table)
    Region$$Table$$Limit                     0x080038d0   Number         0  anon$$obj.o(Region$$Table)
    SystemCoreClock                          0x20000000   Data           4  system_stm32l4xx.o(.data.SystemCoreClock)
    __libspace_start                         0x20000010   Data          96  libspace.o(.bss)
    __temporary_stack_top$libspace           0x20000070   Data           0  libspace.o(.bss)
    led_state                                0x20000214   Data           1  main.o(.bss.led_state)
    pxCurrentTCB                             0x200002bc   Data           4  tasks.o(.bss.pxCurrentTCB)
    sin_index                                0x20000734   Data           1  main.o(.bss.sin_index)



==============================================================================

Memory Map of the image

  Image Entry point : 0x08000189

  Load Region LR_IROM1 (Base: 0x08000000, Size: 0x000038e0, Max: 0x00100000, ABSOLUTE)

    Execution Region ER_IROM1 (Exec base: 0x08000000, Load base: 0x08000000, Size: 0x000038d0, Max: 0x00100000, ABSOLUTE)

    Exec Addr    Load Addr    Size         Type   Attr      Idx    E Section Name        Object

    0x08000000   0x08000000   0x00000188   Data   RO          295    RESET               startup_stm32l476xx.o
    0x08000188   0x08000188   0x00000008   Code   RO          756  * !!!main             c_w.l(__main.o)
    0x08000190   0x08000190   0x00000034   Code   RO          921    !!!scatter          c_w.l(__scatter.o)
    0x080001c4   0x080001c4   0x0000001a   Code   RO          923    !!handler_copy      c_w.l(__scatter_copy.o)
    0x080001de   0x080001de   0x00000002   PAD
    0x080001e0   0x080001e0   0x0000001c   Code   RO          925    !!handler_zi        c_w.l(__scatter_zi.o)
    0x080001fc   0x080001fc   0x00000002   Code   RO          785    .ARM.Collect$$libinit$$00000000  c_w.l(libinit.o)
    0x080001fe   0x080001fe   0x00000004   Code   RO          791    .ARM.Collect$$libinit$$00000001  c_w.l(libinit2.o)
    0x08000202   0x08000202   0x00000000   Code   RO          794    .ARM.Collect$$libinit$$00000004  c_w.l(libinit2.o)
    0x08000202   0x08000202   0x00000000   Code   RO          797    .ARM.Collect$$libinit$$0000000A  c_w.l(libinit2.o)
    0x08000202   0x08000202   0x00000000   Code   RO          799    .ARM.Collect$$libinit$$0000000C  c_w.l(libinit2.o)
    0x08000202   0x08000202   0x00000000   Code   RO          801    .ARM.Collect$$libinit$$0000000E  c_w.l(libinit2.o)
    0x08000202   0x08000202   0x00000000   Code   RO          804    .ARM.Collect$$libinit$$00000011  c_w.l(libinit2.o)
    0x08000202   0x08000202   0x00000000   Code   RO          806    .ARM.Collect$$libinit$$00000013  c_w.l(libinit2.o)
    0x08000202   0x08000202   0x00000000   Code   RO          808    .ARM.Collect$$libinit$$00000015  c_w.l(libinit2.o)
    0x08000202   0x08000202   0x00000000   Code   RO          810    .ARM.Collect$$libinit$$00000017  c_w.l(libinit2.o)
    0x08000202   0x08000202   0x00000000   Code   RO          812    .ARM.Collect$$libinit$$00000019  c_w.l(libinit2.o)
    0x08000202   0x08000202   0x00000000   Code   RO          814    .ARM.Collect$$libinit$$0000001B  c_w.l(libinit2.o)
    0x08000202   0x08000202   0x00000000   Code   RO          816    .ARM.Collect$$libinit$$0000001D  c_w.l(libinit2.o)
    0x08000202   0x08000202   0x00000000   Code   RO          818    .ARM.Collect$$libinit$$0000001F  c_w.l(libinit2.o)
    0x08000202   0x08000202   0x00000000   Code   RO          820    .ARM.Collect$$libinit$$00000021  c_w.l(libinit2.o)
    0x08000202   0x08000202   0x00000000   Code   RO          822    .ARM.Collect$$libinit$$00000023  c_w.l(libinit2.o)
    0x08000202   0x08000202   0x00000000   Code   RO          824    .ARM.Collect$$libinit$$00000025  c_w.l(libinit2.o)
    0x08000202   0x08000202   0x00000000   Code   RO          828    .ARM.Collect$$libinit$$0000002C  c_w.l(libinit2.o)
    0x08000202   0x08000202   0x00000000   Code   RO          830    .ARM.Collect$$libinit$$0000002E  c_w.l(libinit2.o)
    0x08000202   0x08000202   0x00000000   Code   RO          832    .ARM.Collect$$libinit$$00000030  c_w.l(libinit2.o)
    0x08000202   0x08000202   0x00000000   Code   RO          834    .ARM.Collect$$libinit$$00000032  c_w.l(libinit2.o)
    0x08000202   0x08000202   0x00000002   Code   RO          835    .ARM.Collect$$libinit$$00000033  c_w.l(libinit2.o)
    0x08000204   0x08000204   0x00000002   Code   RO          857    .ARM.Collect$$libshutdown$$00000000  c_w.l(libshutdown.o)
    0x08000206   0x08000206   0x00000000   Code   RO          872    .ARM.Collect$$libshutdown$$00000002  c_w.l(libshutdown2.o)
    0x08000206   0x08000206   0x00000000   Code   RO          874    .ARM.Collect$$libshutdown$$00000004  c_w.l(libshutdown2.o)
    0x08000206   0x08000206   0x00000000   Code   RO          877    .ARM.Collect$$libshutdown$$00000007  c_w.l(libshutdown2.o)
    0x08000206   0x08000206   0x00000000   Code   RO          880    .ARM.Collect$$libshutdown$$0000000A  c_w.l(libshutdown2.o)
    0x08000206   0x08000206   0x00000000   Code   RO          882    .ARM.Collect$$libshutdown$$0000000C  c_w.l(libshutdown2.o)
    0x08000206   0x08000206   0x00000000   Code   RO          885    .ARM.Collect$$libshutdown$$0000000F  c_w.l(libshutdown2.o)
    0x08000206   0x08000206   0x00000002   Code   RO          886    .ARM.Collect$$libshutdown$$00000010  c_w.l(libshutdown2.o)
    0x08000208   0x08000208   0x00000000   Code   RO          758    .ARM.Collect$$rtentry$$00000000  c_w.l(__rtentry.o)
    0x08000208   0x08000208   0x00000000   Code   RO          764    .ARM.Collect$$rtentry$$00000002  c_w.l(__rtentry2.o)
    0x08000208   0x08000208   0x00000006   Code   RO          776    .ARM.Collect$$rtentry$$00000004  c_w.l(__rtentry4.o)
    0x0800020e   0x0800020e   0x00000008   Code   RO          765    .ARM.Collect$$rtentry$$00000008  c_w.l(__rtentry2.o)
    0x08000216   0x08000216   0x00000004   Code   RO          767    .ARM.Collect$$rtentry$$0000000A  c_w.l(__rtentry2.o)
    0x0800021a   0x0800021a   0x00000000   Code   RO          769    .ARM.Collect$$rtentry$$0000000C  c_w.l(__rtentry2.o)
    0x0800021a   0x0800021a   0x00000008   Code   RO          770    .ARM.Collect$$rtentry$$0000000D  c_w.l(__rtentry2.o)
    0x08000222   0x08000222   0x00000002   Code   RO          789    .ARM.Collect$$rtexit$$00000000  c_w.l(rtexit.o)
    0x08000224   0x08000224   0x00000000   Code   RO          837    .ARM.Collect$$rtexit$$00000002  c_w.l(rtexit2.o)
    0x08000224   0x08000224   0x00000004   Code   RO          838    .ARM.Collect$$rtexit$$00000003  c_w.l(rtexit2.o)
    0x08000228   0x08000228   0x00000006   Code   RO          839    .ARM.Collect$$rtexit$$00000004  c_w.l(rtexit2.o)
    0x0800022e   0x0800022e   0x00000002   PAD
    0x08000230   0x08000230   0x00000040   Code   RO          296    .text               startup_stm32l476xx.o
    0x08000270   0x08000270   0x0000008a   Code   RO          748    .text               c_w.l(rt_memcpy_v6.o)
    0x080002fa   0x080002fa   0x00000010   Code   RO          750    .text               c_w.l(aeabi_memset4.o)
    0x0800030a   0x0800030a   0x00000044   Code   RO          752    .text               c_w.l(rt_memclr.o)
    0x0800034e   0x0800034e   0x00000006   Code   RO          754    .text               c_w.l(heapauxi.o)
    0x08000354   0x08000354   0x00000064   Code   RO          759    .text               c_w.l(rt_memcpy_w.o)
    0x080003b8   0x080003b8   0x0000004e   Code   RO          761    .text               c_w.l(rt_memclr_w.o)
    0x08000406   0x08000406   0x0000004a   Code   RO          778    .text               c_w.l(sys_stackheap_outer.o)
    0x08000450   0x08000450   0x00000012   Code   RO          780    .text               c_w.l(exit.o)
    0x08000462   0x08000462   0x00000002   PAD
    0x08000464   0x08000464   0x00000008   Code   RO          786    .text               c_w.l(libspace.o)
    0x0800046c   0x0800046c   0x0000000c   Code   RO          847    .text               c_w.l(sys_exit.o)
    0x08000478   0x08000478   0x00000002   Code   RO          862    .text               c_w.l(use_no_semi.o)
    0x0800047a   0x0800047a   0x00000000   Code   RO          864    .text               c_w.l(indicate_semi.o)
    0x0800047a   0x0800047a   0x00000002   PAD
    0x0800047c   0x0800047c   0x0000009e   Code   RO           40    .text.DACinit_ch1   dac.o
    0x0800051a   0x0800051a   0x00000006   PAD
    0x08000520   0x08000520   0x0000007a   Code   RO          393    .text.PendSV_Handler  port.o
    0x0800059a   0x0800059a   0x00000006   PAD
    0x080005a0   0x080005a0   0x0000002e   Code   RO          377    .text.SVC_Handler   port.o
    0x080005ce   0x080005ce   0x00000002   PAD
    0x080005d0   0x080005d0   0x0000001e   Code   RO           91    .text.SysTick_Handler  cmsis_os2.o
    0x080005ee   0x080005ee   0x00000002   PAD
    0x080005f0   0x080005f0   0x0000017c   Code   RO          305    .text.SystemCoreClockUpdate  system_stm32l4xx.o
    0x0800076c   0x0800076c   0x0000005c   Code   RO          303    .text.SystemInit    system_stm32l4xx.o
    0x080007c8   0x080007c8   0x0000006e   Code   RO            6    .text.TIM4_IRQHandler  main.o
    0x08000836   0x08000836   0x00000002   PAD
    0x08000838   0x08000838   0x00000030   Code   RO           55    .text.__NVIC_EnableIRQ  tim.o
    0x08000868   0x08000868   0x00000028   Code   RO           72    .text._mutex_acquire  clib_arm.o
    0x08000890   0x08000890   0x00000054   Code   RO           78    .text._mutex_free   clib_arm.o
    0x080008e4   0x080008e4   0x000000a8   Code   RO           70    .text._mutex_initialize  clib_arm.o
    0x0800098c   0x0800098c   0x0000002a   Code   RO           76    .text._mutex_release  clib_arm.o
    0x080009b6   0x080009b6   0x00000002   PAD
    0x080009b8   0x080009b8   0x00000002   Code   RO           64    .text._platform_post_stackheap_init  clib_arm.o
    0x080009ba   0x080009ba   0x00000002   PAD
    0x080009bc   0x080009bc   0x0000005c   Code   RO            2    .text.checkButton   main.o
    0x08000a18   0x08000a18   0x00000024   Code   RO            4    .text.controlLED    main.o
    0x08000a3c   0x08000a3c   0x00000016   Code   RO           31    .text.digitalRead   gpio.o
    0x08000a52   0x08000a52   0x00000002   PAD
    0x08000a54   0x08000a54   0x00000022   Code   RO           29    .text.digitalWrite  gpio.o
    0x08000a76   0x08000a76   0x00000002   PAD
    0x08000a78   0x08000a78   0x00000302   Code   RO           53    .text.enableTimer   tim.o
    0x08000d7a   0x08000d7a   0x00000002   PAD
    0x08000d7c   0x08000d7c   0x00000020   Code   RO           74    .text.is_thread_mode  clib_arm.o
    0x08000d9c   0x08000d9c   0x000000be   Code   RO            8    .text.main          main.o
    0x08000e5a   0x08000e5a   0x00000002   PAD
    0x08000e5c   0x08000e5c   0x00000020   Code   RO           68    .text.os_kernel_is_active  clib_arm.o
    0x08000e7c   0x08000e7c   0x0000008c   Code   RO           23    .text.pinMode       gpio.o
    0x08000f08   0x08000f08   0x000000fa   Code   RO          536    .text.prvAddCurrentTaskToDelayedList  tasks.o
    0x08001002   0x08001002   0x00000002   PAD
    0x08001004   0x08001004   0x00000160   Code   RO          522    .text.prvAddNewTaskToReadyList  tasks.o
    0x08001164   0x08001164   0x0000007e   Code   RO          674    .text.prvCheckForValidListAndQueue  timers.o
    0x080011e2   0x080011e2   0x00000002   PAD
    0x080011e4   0x080011e4   0x0000005a   Code   RO          640    .text.prvCheckTasksWaitingTermination  tasks.o
    0x0800123e   0x0800123e   0x00000002   PAD
    0x08001240   0x08001240   0x00000042   Code   RO          479    .text.prvCopyDataFromQueue  queue.o
    0x08001282   0x08001282   0x00000002   PAD
    0x08001284   0x08001284   0x000000cc   Code   RO          467    .text.prvCopyDataToQueue  queue.o
    0x08001350   0x08001350   0x0000003c   Code   RO          530    .text.prvDeleteTCB  tasks.o
    0x0800138c   0x0800138c   0x00000026   Code   RO          483    .text.prvGetDisinheritPriorityAfterTimeout  queue.o
    0x080013b2   0x080013b2   0x00000002   PAD
    0x080013b4   0x080013b4   0x00000040   Code   RO          714    .text.prvGetNextExpireTime  timers.o
    0x080013f4   0x080013f4   0x000000ae   Code   RO          407    .text.prvHeapInit   heap_4.o
    0x080014a2   0x080014a2   0x00000002   PAD
    0x080014a4   0x080014a4   0x00000038   Code   RO          562    .text.prvIdleTask   tasks.o
    0x080014dc   0x080014dc   0x0000002c   Code   RO          447    .text.prvInitialiseMutex  queue.o
    0x08001508   0x08001508   0x00000048   Code   RO          441    .text.prvInitialiseNewQueue  queue.o
    0x08001550   0x08001550   0x000000e6   Code   RO          520    .text.prvInitialiseNewTask  tasks.o
    0x08001636   0x08001636   0x00000002   PAD
    0x08001638   0x08001638   0x0000008e   Code   RO          638    .text.prvInitialiseTaskLists  tasks.o
    0x080016c6   0x080016c6   0x00000002   PAD
    0x080016c8   0x080016c8   0x000000c6   Code   RO          409    .text.prvInsertBlockIntoFreeList  heap_4.o
    0x0800178e   0x0800178e   0x00000002   PAD
    0x08001790   0x08001790   0x00000086   Code   RO          728    .text.prvInsertTimerInActiveList  timers.o
    0x08001816   0x08001816   0x00000002   PAD
    0x08001818   0x08001818   0x00000028   Code   RO          481    .text.prvIsQueueEmpty  queue.o
    0x08001840   0x08001840   0x0000002e   Code   RO          469    .text.prvIsQueueFull  queue.o
    0x0800186e   0x0800186e   0x00000002   PAD
    0x08001870   0x08001870   0x00000028   Code   RO          385    .text.prvPortStartFirstTask  port.o
    0x08001898   0x08001898   0x00000054   Code   RO          722    .text.prvProcessExpiredTimer  timers.o
    0x080018ec   0x080018ec   0x00000144   Code   RO          718    .text.prvProcessReceivedCommands  timers.o
    0x08001a30   0x08001a30   0x0000009a   Code   RO          716    .text.prvProcessTimerOrBlockTask  timers.o
    0x08001aca   0x08001aca   0x00000002   PAD
    0x08001acc   0x08001acc   0x00000034   Code   RO          726    .text.prvReloadTimer  timers.o
    0x08001b00   0x08001b00   0x0000003c   Code   RO          528    .text.prvResetNextTaskUnblockTime  tasks.o
    0x08001b3c   0x08001b3c   0x00000044   Code   RO          720    .text.prvSampleTimeNow  timers.o
    0x08001b80   0x08001b80   0x00000052   Code   RO          724    .text.prvSwitchTimerLists  timers.o
    0x08001bd2   0x08001bd2   0x00000002   PAD
    0x08001bd4   0x08001bd4   0x00000026   Code   RO          375    .text.prvTaskExitError  port.o
    0x08001bfa   0x08001bfa   0x00000002   PAD
    0x08001bfc   0x08001bfc   0x0000001e   Code   RO          676    .text.prvTimerTask  timers.o
    0x08001c1a   0x08001c1a   0x00000002   PAD
    0x08001c1c   0x08001c1c   0x000000ae   Code   RO          471    .text.prvUnlockQueue  queue.o
    0x08001cca   0x08001cca   0x00000002   PAD
    0x08001ccc   0x08001ccc   0x00000186   Code   RO          405    .text.pvPortMalloc  heap_4.o
    0x08001e52   0x08001e52   0x00000002   PAD
    0x08001e54   0x08001e54   0x0000002c   Code   RO          622    .text.pvTaskIncrementMutexHeldCount  tasks.o
    0x08001e80   0x08001e80   0x0000005e   Code   RO          373    .text.pxPortInitialiseStack  port.o
    0x08001ede   0x08001ede   0x00000002   PAD
    0x08001ee0   0x08001ee0   0x00000024   Code   RO           27    .text.setPullUpDown  gpio.o
    0x08001f04   0x08001f04   0x0000005c   Code   RO           51    .text.useHSI        tim.o
    0x08001f60   0x08001f60   0x00000048   Code   RO          364    .text.uxListRemove  list.o
    0x08001fa8   0x08001fa8   0x0000002a   Code   RO          247    .text.vApplicationGetIdleTaskMemory  cmsis_os2.o
    0x08001fd2   0x08001fd2   0x00000002   PAD
    0x08001fd4   0x08001fd4   0x0000002a   Code   RO          249    .text.vApplicationGetTimerTaskMemory  cmsis_os2.o
    0x08001ffe   0x08001ffe   0x00000002   PAD
    0x08002000   0x08002000   0x0000002e   Code   RO          356    .text.vListInitialise  list.o
    0x0800202e   0x0800202e   0x00000002   PAD
    0x08002030   0x08002030   0x0000000e   Code   RO          358    .text.vListInitialiseItem  list.o
    0x0800203e   0x0800203e   0x00000002   PAD
    0x08002040   0x08002040   0x0000006a   Code   RO          362    .text.vListInsert   list.o
    0x080020aa   0x080020aa   0x00000002   PAD
    0x080020ac   0x080020ac   0x00000014   Code   RO          383    .text.vPortEnableVFP  port.o
    0x080020c0   0x080020c0   0x00000030   Code   RO          389    .text.vPortEnterCritical  port.o
    0x080020f0   0x080020f0   0x00000026   Code   RO          391    .text.vPortExitCritical  port.o
    0x08002116   0x08002116   0x00000002   PAD
    0x08002118   0x08002118   0x00000076   Code   RO          411    .text.vPortFree     heap_4.o
    0x0800218e   0x0800218e   0x00000002   PAD
    0x08002190   0x08002190   0x00000044   Code   RO          381    .text.vPortSetupTimerInterrupt  port.o
    0x080021d4   0x080021d4   0x00000022   Code   RO          497    .text.vQueueDelete  queue.o
    0x080021f6   0x080021f6   0x00000002   PAD
    0x080021f8   0x080021f8   0x00000064   Code   RO          509    .text.vQueueWaitForMessageRestricted  queue.o
    0x0800225c   0x0800225c   0x0000004a   Code   RO          540    .text.vTaskDelay    tasks.o
    0x080022a6   0x080022a6   0x00000002   PAD
    0x080022a8   0x080022a8   0x00000024   Code   RO          594    .text.vTaskInternalSetTimeOutState  tasks.o
    0x080022cc   0x080022cc   0x0000000e   Code   RO          598    .text.vTaskMissedYield  tasks.o
    0x080022da   0x080022da   0x00000002   PAD
    0x080022dc   0x080022dc   0x00000026   Code   RO          582    .text.vTaskPlaceOnEventList  tasks.o
    0x08002302   0x08002302   0x00000002   PAD
    0x08002304   0x08002304   0x00000060   Code   RO          586    .text.vTaskPlaceOnEventListRestricted  tasks.o
    0x08002364   0x08002364   0x0000012c   Code   RO          618    .text.vTaskPriorityDisinheritAfterTimeout  tasks.o
    0x08002490   0x08002490   0x000000c4   Code   RO          560    .text.vTaskStartScheduler  tasks.o
    0x08002554   0x08002554   0x00000010   Code   RO          534    .text.vTaskSuspendAll  tasks.o
    0x08002564   0x08002564   0x000000aa   Code   RO          552    .text.vTaskSwitchContext  tasks.o
    0x0800260e   0x0800260e   0x00000002   PAD
    0x08002610   0x08002610   0x00000054   Code   RO          379    .text.xPortStartScheduler  port.o
    0x08002664   0x08002664   0x0000003c   Code   RO          395    .text.xPortSysTickHandler  port.o
    0x080026a0   0x080026a0   0x00000026   Code   RO          445    .text.xQueueCreateMutex  queue.o
    0x080026c6   0x080026c6   0x00000002   PAD
    0x080026c8   0x080026c8   0x00000032   Code   RO          449    .text.xQueueCreateMutexStatic  queue.o
    0x080026fa   0x080026fa   0x00000002   PAD
    0x080026fc   0x080026fc   0x00000086   Code   RO          443    .text.xQueueGenericCreate  queue.o
    0x08002782   0x08002782   0x00000002   PAD
    0x08002784   0x08002784   0x0000006c   Code   RO          439    .text.xQueueGenericCreateStatic  queue.o
    0x080027f0   0x080027f0   0x000000d0   Code   RO          437    .text.xQueueGenericReset  queue.o
    0x080028c0   0x080028c0   0x0000016a   Code   RO          457    .text.xQueueGenericSend  queue.o
    0x08002a2a   0x08002a2a   0x00000002   PAD
    0x08002a2c   0x08002a2c   0x00000152   Code   RO          477    .text.xQueueReceive  queue.o
    0x08002b7e   0x08002b7e   0x00000002   PAD
    0x08002b80   0x08002b80   0x0000019e   Code   RO          461    .text.xQueueSemaphoreTake  queue.o
    0x08002d1e   0x08002d1e   0x00000002   PAD
    0x08002d20   0x08002d20   0x0000009a   Code   RO          596    .text.xTaskCheckForTimeOut  tasks.o
    0x08002dba   0x08002dba   0x00000002   PAD
    0x08002dbc   0x08002dbc   0x000000a6   Code   RO          524    .text.xTaskCreate   tasks.o
    0x08002e62   0x08002e62   0x00000002   PAD
    0x08002e64   0x08002e64   0x0000007a   Code   RO          518    .text.xTaskCreateStatic  tasks.o
    0x08002ede   0x08002ede   0x00000002   PAD
    0x08002ee0   0x08002ee0   0x00000038   Code   RO          612    .text.xTaskGetSchedulerState  tasks.o
    0x08002f18   0x08002f18   0x00000014   Code   RO          568    .text.xTaskGetTickCount  tasks.o
    0x08002f2c   0x08002f2c   0x00000246   Code   RO          566    .text.xTaskIncrementTick  tasks.o
    0x08003172   0x08003172   0x00000002   PAD
    0x08003174   0x08003174   0x000000e6   Code   RO          616    .text.xTaskPriorityDisinherit  tasks.o
    0x0800325a   0x0800325a   0x00000002   PAD
    0x0800325c   0x0800325c   0x0000014e   Code   RO          614    .text.xTaskPriorityInherit  tasks.o
    0x080033aa   0x080033aa   0x00000002   PAD
    0x080033ac   0x080033ac   0x0000017c   Code   RO          588    .text.xTaskRemoveFromEventList  tasks.o
    0x08003528   0x08003528   0x0000020a   Code   RO          538    .text.xTaskResumeAll  tasks.o
    0x08003732   0x08003732   0x00000002   PAD
    0x08003734   0x08003734   0x00000078   Code   RO          672    .text.xTimerCreateTimerTask  timers.o
    0x080037ac   0x080037ac   0x0000001a   Code   RO          845    x$fpl$fpinit        fz_wm.l(fpinit.o)
    0x080037c6   0x080037c6   0x00000010   Data   RO          308    .rodata.AHBPrescTable  system_stm32l4xx.o
    0x080037d6   0x080037d6   0x00000002   PAD
    0x080037d8   0x080037d8   0x00000030   Data   RO          310    .rodata.MSIRangeTable  system_stm32l4xx.o
    0x08003808   0x08003808   0x00000080   Data   RO           10    .rodata.sinLUT      main.o
    0x08003888   0x08003888   0x00000017   Data   RO           14    .rodata.str1.1      main.o
    0x0800389f   0x0800389f   0x00000005   Data   RO          658    .rodata.str1.1      tasks.o
    0x080038a4   0x080038a4   0x00000008   Data   RO          731    .rodata.str1.1      timers.o
    0x080038ac   0x080038ac   0x00000004   Data   RO          643    .rodata.uxTopUsedPriority  tasks.o
    0x080038b0   0x080038b0   0x00000020   Data   RO          920    Region$$Table       anon$$obj.o


    Execution Region RW_IRAM1 (Exec base: 0x20000000, Load base: 0x080038d0, Size: 0x00003210, Max: 0x00018000, ABSOLUTE)

    Exec Addr    Load Addr    Size         Type   Attr      Idx    E Section Name        Object

    0x20000000   0x080038d0   0x00000004   Data   RW          307    .data.SystemCoreClock  system_stm32l4xx.o
    0x20000004   0x080038d4   0x00000001   Data   RW           13    .data.checkButton.last_state  main.o
    0x20000005   0x080038d5   0x00000003   PAD
    0x20000008   0x080038d8   0x00000004   Data   RW          397    .data.uxCriticalNesting  port.o
    0x2000000c   0x080038dc   0x00000004   PAD
    0x20000010        -       0x00000060   Zero   RW          787    .bss                c_w.l(libspace.o)
    0x20000070        -       0x00000190   Zero   RW           83    .bss.clib_mutex_cb  clib_arm.o
    0x20000200        -       0x00000014   Zero   RW           82    .bss.clib_mutex_id  clib_arm.o
    0x20000214        -       0x00000001   Zero   RW           12    .bss.led_state      main.o
    0x20000215        -       0x00000050   Zero   RW          739    .bss.prvCheckForValidListAndQueue.ucStaticTimerQueueStorage  timers.o
    0x20000265   0x080038dc   0x00000003   PAD
    0x20000268        -       0x00000050   Zero   RW          738    .bss.prvCheckForValidListAndQueue.xStaticTimerQueue  timers.o
    0x200002b8        -       0x00000004   Zero   RW          735    .bss.prvSampleTimeNow.xLastTime  timers.o
    0x200002bc        -       0x00000004   Zero   RW          642    .bss.pxCurrentTCB   tasks.o
    0x200002c0        -       0x00000004   Zero   RW          733    .bss.pxCurrentTimerList  timers.o
    0x200002c4        -       0x00000004   Zero   RW          650    .bss.pxDelayedTaskList  tasks.o
    0x200002c8        -       0x00000004   Zero   RW          423    .bss.pxEnd          heap_4.o
    0x200002cc        -       0x00000004   Zero   RW          651    .bss.pxOverflowDelayedTaskList  tasks.o
    0x200002d0        -       0x00000004   Zero   RW          734    .bss.pxOverflowTimerList  timers.o
    0x200002d4        -       0x00000460   Zero   RW          653    .bss.pxReadyTasksLists  tasks.o
    0x20000734        -       0x00000001   Zero   RW           11    .bss.sin_index      main.o
    0x20000735        -       0x00002000   Zero   RW          429    .bss.ucHeap         heap_4.o
    0x20002735   0x080038dc   0x00000003   PAD
    0x20002738        -       0x00000004   Zero   RW          647    .bss.uxCurrentNumberOfTasks  tasks.o
    0x2000273c        -       0x00000004   Zero   RW          646    .bss.uxDeletedTasksWaitingCleanUp  tasks.o
    0x20002740        -       0x00000004   Zero   RW          655    .bss.uxSchedulerSuspended  tasks.o
    0x20002744        -       0x00000004   Zero   RW          644    .bss.uxTaskNumber   tasks.o
    0x20002748        -       0x00000004   Zero   RW          654    .bss.uxTopReadyPriority  tasks.o
    0x2000274c        -       0x00000200   Zero   RW          256    .bss.vApplicationGetIdleTaskMemory.Idle_Stack  cmsis_os2.o
    0x2000294c        -       0x0000005c   Zero   RW          255    .bss.vApplicationGetIdleTaskMemory.Idle_TCB  cmsis_os2.o
    0x200029a8        -       0x00000140   Zero   RW          258    .bss.vApplicationGetTimerTaskMemory.Timer_Stack  cmsis_os2.o
    0x20002ae8        -       0x0000005c   Zero   RW          257    .bss.vApplicationGetTimerTaskMemory.Timer_TCB  cmsis_os2.o
    0x20002b44        -       0x00000014   Zero   RW          736    .bss.xActiveTimerList1  timers.o
    0x20002b58        -       0x00000014   Zero   RW          737    .bss.xActiveTimerList2  timers.o
    0x20002b6c        -       0x00000014   Zero   RW          663    .bss.xDelayedTaskList1  tasks.o
    0x20002b80        -       0x00000014   Zero   RW          664    .bss.xDelayedTaskList2  tasks.o
    0x20002b94        -       0x00000004   Zero   RW          424    .bss.xFreeBytesRemaining  heap_4.o
    0x20002b98        -       0x00000004   Zero   RW          659    .bss.xIdleTaskHandle  tasks.o
    0x20002b9c        -       0x00000004   Zero   RW          426    .bss.xMinimumEverFreeBytesRemaining  heap_4.o
    0x20002ba0        -       0x00000004   Zero   RW          660    .bss.xNextTaskUnblockTime  tasks.o
    0x20002ba4        -       0x00000004   Zero   RW          662    .bss.xNumOfOverflows  tasks.o
    0x20002ba8        -       0x00000004   Zero   RW          427    .bss.xNumberOfSuccessfulAllocations  heap_4.o
    0x20002bac        -       0x00000004   Zero   RW          428    .bss.xNumberOfSuccessfulFrees  heap_4.o
    0x20002bb0        -       0x00000004   Zero   RW          661    .bss.xPendedTicks   tasks.o
    0x20002bb4        -       0x00000014   Zero   RW          657    .bss.xPendingReadyList  tasks.o
    0x20002bc8        -       0x00000004   Zero   RW          648    .bss.xSchedulerRunning  tasks.o
    0x20002bcc        -       0x00000008   Zero   RW          425    .bss.xStart         heap_4.o
    0x20002bd4        -       0x00000014   Zero   RW          652    .bss.xSuspendedTaskList  tasks.o
    0x20002be8        -       0x00000014   Zero   RW          645    .bss.xTasksWaitingTermination  tasks.o
    0x20002bfc        -       0x00000004   Zero   RW          649    .bss.xTickCount     tasks.o
    0x20002c00        -       0x00000004   Zero   RW          730    .bss.xTimerQueue    timers.o
    0x20002c04        -       0x00000004   Zero   RW          732    .bss.xTimerTaskHandle  timers.o
    0x20002c08        -       0x00000004   Zero   RW          656    .bss.xYieldPending  tasks.o
    0x20002c0c   0x080038dc   0x00000004   PAD
    0x20002c10        -       0x00000200   Zero   RW          294    HEAP                startup_stm32l476xx.o
    0x20002e10        -       0x00000400   Zero   RW          293    STACK               startup_stm32l476xx.o


==============================================================================

Image component sizes


      Code (inc. data)   RO Data    RW Data    ZI Data      Debug   Object Name

       400          0          0          0        420       3834   clib_arm.o
       114          0          0          0       1016      33329   cmsis_os2.o
       158          0          0          0          0       2546   dac.o
       232          0          0          0          0       2629   gpio.o
       880          0          0          0       8220       4438   heap_4.o
       238          0          0          0          0       2354   list.o
       428          0        151          1          2       2929   main.o
       658         16          0          4          0       2853   port.o
      2470          0          0          0          0      14403   queue.o
        64         26        392          0       1536        920   startup_stm32l476xx.o
       472         14         64          4          0       3100   system_stm32l4xx.o
      4790          0          9          0       1280      23182   tasks.o
       910          0          0          0          0       5404   tim.o
      1238         10          8          0        220      10580   timers.o

    ----------------------------------------------------------------------
     13168         66        658         12      12708     112501   Object Totals
         0          0         32          0          0          0   (incl. Generated)
       116          0          2          3         14          0   (incl. Padding)

    ----------------------------------------------------------------------

      Code (inc. data)   RO Data    RW Data    ZI Data      Debug   Library Member Name

         8          0          0          0          0         68   __main.o
         0          0          0          0          0          0   __rtentry.o
        20          0          0          0          0          0   __rtentry2.o
         6          0          0          0          0          0   __rtentry4.o
        52          8          0          0          0          0   __scatter.o
        26          0          0          0          0          0   __scatter_copy.o
        28          0          0          0          0          0   __scatter_zi.o
        16          0          0          0          0         68   aeabi_memset4.o
        18          0          0          0          0         80   exit.o
         6          0          0          0          0        152   heapauxi.o
         0          0          0          0          0          0   indicate_semi.o
         2          0          0          0          0          0   libinit.o
         6          0          0          0          0          0   libinit2.o
         2          0          0          0          0          0   libshutdown.o
         2          0          0          0          0          0   libshutdown2.o
         8          4          0          0         96         68   libspace.o
        68          0          0          0          0         68   rt_memclr.o
        78          0          0          0          0         80   rt_memclr_w.o
       138          0          0          0          0         68   rt_memcpy_v6.o
       100          0          0          0          0         80   rt_memcpy_w.o
         2          0          0          0          0          0   rtexit.o
        10          0          0          0          0          0   rtexit2.o
        12          4          0          0          0         68   sys_exit.o
        74          0          0          0          0         80   sys_stackheap_outer.o
         2          0          0          0          0         68   use_no_semi.o
        26          0          0          0          0        116   fpinit.o

    ----------------------------------------------------------------------
       718         16          0          0         96       1064   Library Totals
         8          0          0          0          0          0   (incl. Padding)

    ----------------------------------------------------------------------

      Code (inc. data)   RO Data    RW Data    ZI Data      Debug   Library Name

       684         16          0          0         96        948   c_w.l
        26          0          0          0          0        116   fz_wm.l

    ----------------------------------------------------------------------
       718         16          0          0         96       1064   Library Totals

    ----------------------------------------------------------------------

==============================================================================


      Code (inc. data)   RO Data    RW Data    ZI Data      Debug   

     13886         82        658         12      12804     112909   Grand Totals
     13886         82        658         12      12804     112909   ELF Image Totals
     13886         82        658         12          0          0   ROM Totals

==============================================================================

    Total RO  Size (Code + RO Data)                14544 (  14.20kB)
    Total RW  Size (RW Data + ZI Data)             12816 (  12.52kB)
    Total ROM Size (Code + RO Data + RW Data)      14556 (  14.21kB)

==============================================================================

