<html>
<body>
<pre>
<h1>µVision Build Log</h1>
<h2>Tool Versions:</h2>
IDE-Version: µVision V5.35.0.0
Copyright (C) 2021 ARM Ltd and ARM Germany GmbH. All rights reserved.
License Information: junk junk, junk, LIC=----
 
Tool Versions:
Toolchain:       MDK-Lite  Version: 5.35.0.2
Toolchain Path:  C:\Keil_v5\ARM\ARMCLANG\Bin
C Compiler:      ArmClang.exe V6.16
Assembler:       Armasm.exe V6.16
Linker/Locator:  ArmLink.exe V6.16
Library Manager: ArmAr.exe V6.16
Hex Converter:   FromElf.exe V6.16
CPU DLL:         SARMCM3.DLL V5.35.0.2
Dialog DLL:      DCM.DLL V1.17.3.0
Target DLL:      STLink\ST-LINKIII-KEIL_SWO.dll V3.0.9.0
Dialog DLL:      TCM.DLL V1.53.0.0
 
<h2>Project:</h2>
C:\Users\18012\Documents\Schoolwork\Real Time Processors\EmbeddedRTSys\Lab 2 -- DACa4\DACa4_lab2.uvprojx
Project File Date:  01/30/2024

<h2>Output:</h2>
*** Using Compiler 'V6.16', folder: 'C:\Keil_v5\ARM\ARMCLANG\Bin'
Build target 'Target 1'
main.c(2): warning: In file included from...
./tim.h(7): warning: this function declaration is not a prototype [-Wstrict-prototypes]
void useHSI();
           ^
            void
./tim.h(9): warning: no newline at end of file [-Wnewline-eof]
void enableTimer(TIM_TypeDef *TIMx, uint32_t prescaler, uint32_t aar, uint8_t direction, uint8_t generateInterrupt);
                                                                                                                    ^
main.c(3): warning: In file included from...
./dac.h(29): warning: no newline at end of file [-Wnewline-eof]
void DACinit_ch2(uint32_t mode, uint32_t trigger);
                                                  ^
main.c(6): warning: In file included from...
./sin.h(17): warning: no previous extern declaration for non-static variable 'sinLUT' [-Wmissing-variable-declarations]
const uint16_t sinLUT[] = {
               ^
./sin.h(17): note: declare 'static' if the variable is not intended to be used outside of this translation unit
const uint16_t sinLUT[] = {
      ^
main.c(12): warning: no previous extern declaration for non-static variable 'sin_index' [-Wmissing-variable-declarations]
volatile uint8_t sin_index = 0;
                 ^
main.c(12): note: declare 'static' if the variable is not intended to be used outside of this translation unit
volatile uint8_t sin_index = 0;
         ^
main.c(13): warning: no previous extern declaration for non-static variable 'led_state' [-Wmissing-variable-declarations]
volatile uint8_t led_state = 0;
                 ^
main.c(13): note: declare 'static' if the variable is not intended to be used outside of this translation unit
volatile uint8_t led_state = 0;
         ^
main.c(18): warning: implicit conversion loses integer precision: 'int' to 'uint8_t' (aka 'unsigned char') [-Wimplicit-int-conversion]
                uint8_t button_state = digitalRead(GPIOC, BUTTON);
                        ~~~~~~~~~~~~   ^~~~~~~~~~~~~~~~~~~~~~~~~~
main.c(15): warning: unused parameter 'pvParameters' [-Wunused-parameter]
void checkButton(void *pvParameters) {
                       ^
main.c(15): warning: no previous prototype for function 'checkButton' [-Wmissing-prototypes]
void checkButton(void *pvParameters) {
     ^
main.c(15): note: declare 'static' if the function is not intended to be used outside of this translation unit
void checkButton(void *pvParameters) {
^
static 
main.c(15): warning: function 'checkButton' could be declared with attribute 'noreturn' [-Wmissing-noreturn]
void checkButton(void *pvParameters) {
                                     ^
main.c(27): warning: unused parameter 'pvParameters' [-Wunused-parameter]
void controlLED(void *pvParameters) {
                      ^
main.c(27): warning: no previous prototype for function 'controlLED' [-Wmissing-prototypes]
void controlLED(void *pvParameters) {
     ^
main.c(27): note: declare 'static' if the function is not intended to be used outside of this translation unit
void controlLED(void *pvParameters) {
^
static 
main.c(27): warning: function 'controlLED' could be declared with attribute 'noreturn' [-Wmissing-noreturn]
void controlLED(void *pvParameters) {
                                    ^
main.c(34): warning: no previous prototype for function 'TIM4_IRQHandler' [-Wmissing-prototypes]
int TIM4_IRQHandler() {
    ^
main.c(34): note: declare 'static' if the function is not intended to be used outside of this translation unit
int TIM4_IRQHandler() {
^
static 
main.c(34): warning: this old-style function definition is not preceded by a prototype [-Wstrict-prototypes]
int TIM4_IRQHandler() {
                   ^
15 warnings generated.
compiling main.c...
linking...
Program Size: Code=13886 RO-data=658 RW-data=12 ZI-data=12804  
".\Objects\RTLED_lab1.axf" - 0 Error(s), 15 Warning(s).

<h2>Software Packages used:</h2>

Package Vendor: ARM
                https://www.keil.com/pack/ARM.CMSIS.6.0.0.pack
                ARM.CMSIS.6.0.0
                CMSIS (Common Microcontroller Software Interface Standard)
   * Component: RTOS2 Version: 2.3.0
   * Component: CORE Version: 6.0.0

Package Vendor: ARM
                https://www.keil.com/pack/ARM.CMSIS-FreeRTOS.10.5.1.pack
                ARM.CMSIS-FreeRTOS.10.5.1
                Bundle of FreeRTOS for Cortex-M and Cortex-A
   * Component: Config Variant: CMSIS RTOS2 Version: 10.5.1
   * Component: Core Variant: Cortex-M Version: 10.5.1
   * Component: Event Groups Version: 10.5.1
   * Component: Heap Variant: Heap_4 Version: 10.5.1
   * Component: Timers Version: 10.5.1
   * Component: FreeRTOS Variant: Cortex-M Version: 10.5.1

Package Vendor: Keil
                http://www.keil.com/pack/Keil.STM32L4xx_DFP.2.6.1.pack
                Keil.STM32L4xx_DFP.2.6.1
                STMicroelectronics STM32L4 Series Device Support, Drivers and Examples
   * Component: Startup Version: 1.3.1

<h2>Collection of Component include folders:</h2>
  .\RTE\RTOS
  .\RTE\_Target_1
  C:\Users\18012\AppData\Local\Arm\Packs\ARM\CMSIS-FreeRTOS\10.5.1\CMSIS\RTOS2\FreeRTOS\Include
  C:\Users\18012\AppData\Local\Arm\Packs\ARM\CMSIS-FreeRTOS\10.5.1\Source\include
  C:\Users\18012\AppData\Local\Arm\Packs\ARM\CMSIS-FreeRTOS\10.5.1\Source\portable\GCC\ARM_CM4F
  C:\Users\18012\AppData\Local\Arm\Packs\ARM\CMSIS\6.0.0\CMSIS\Core\Include
  C:\Users\18012\AppData\Local\Arm\Packs\ARM\CMSIS\6.0.0\CMSIS\RTOS2\Include
  C:\Users\18012\AppData\Local\Arm\Packs\Keil\STM32L4xx_DFP\2.6.1\Drivers\CMSIS\Device\ST\STM32L4xx\Include

<h2>Collection of Component Files used:</h2>

   * Component: ::CMSIS:RTOS2:2.3.0 (API)
      Include file:  CMSIS\RTOS2\Include\cmsis_os2.h

   * Component: ARM.FreeRTOS::RTOS:Config:CMSIS RTOS2:10.5.1
      Include file:  CMSIS\RTOS2\FreeRTOS\Config\ARMCM\FreeRTOSConfig.h

   * Component: ARM.FreeRTOS::RTOS:Core:Cortex-M:10.5.1
      Source file:   Source\portable\GCC\ARM_CM4F\port.c
      Source file:   CMSIS\RTOS2\FreeRTOS\Source\freertos_evr.c
      Include file:  Source\include\queue.h
      Include file:  Source\include\task.h
      Include file:  Source\include\FreeRTOS.h
      Include file:  Source\include\semphr.h
      Source file:   Source\queue.c
      Source file:   Source\tasks.c
      Source file:   Source\list.c

   * Component: ARM.FreeRTOS::RTOS:Event Groups:10.5.1
      Include file:  Source\include\event_groups.h
      Source file:   Source\event_groups.c

   * Component: ARM.FreeRTOS::RTOS:Heap:Heap_4:10.5.1
      Source file:   Source\portable\MemMang\heap_4.c

   * Component: ARM.FreeRTOS::RTOS:Timers:10.5.1
      Source file:   Source\timers.c
      Include file:  Source\include\timers.h

   * Component: ARM::CMSIS:CORE:6.0.0

   * Component: ARM::CMSIS:RTOS2:FreeRTOS:Cortex-M:10.5.1
      Source file:   CMSIS\RTOS2\FreeRTOS\Source\os_systick.c
      Source file:   CMSIS\RTOS2\FreeRTOS\Source\ARM\clib_arm.c
      Source file:   CMSIS\RTOS2\FreeRTOS\Source\cmsis_os2.c
      Include file:  CMSIS\RTOS2\FreeRTOS\Include\freertos_mpool.h

   * Component: Keil::Device:Startup:1.3.1
      Include file:  Drivers\CMSIS\Device\ST\STM32L4xx\Include\stm32l4xx.h
      Source file:   MDK\Device\Source\ARM\STM32L4xx_DB_OPT.s
      Source file:   Drivers\CMSIS\Device\ST\STM32L4xx\Source\Templates\arm\startup_stm32l476xx.s
      Source file:   Drivers\CMSIS\Device\ST\STM32L4xx\Source\Templates\system_stm32l4xx.c
Build Time Elapsed:  00:00:01
</pre>
</body>
</html>
